[specs 14:47:43] failed_rerun_specs.txt: 24 jobs to submit
[14:49:44] (1/24) -> voyager job=240013 :: carbon-raw --task-names H3K9ac --distillation-config.weight-ce 0.5 --distillation-config.weight-kl 0.0 --distillation-config.weight-mse 0.0 --distillation-config.temperature 1.5 --trainer-config.early-stop-patience 100 --slurm-config.mode run
[15:01:50] (2/24) -> laniakea job=240016 :: carbon-raw --task-names H3K9ac --distillation-config.weight-ce 0.5 --distillation-config.weight-kl 0.0 --distillation-config.weight-mse 1 --distillation-config.temperature 1.5 --trainer-config.early-stop-patience 100 --slurm-config.mode run
[15:01:56] (3/24) -> galaxy job=240017 :: carbon-raw --task-names H3K9ac --distillation-config.weight-ce 0.5 --distillation-config.weight-kl 0.0 --distillation-config.weight-mse 1 --distillation-config.temperature 2.0 --trainer-config.early-stop-patience 100 --slurm-config.mode run
[15:08:02] (4/24) -> voyager job=240020 :: carbon-raw --task-names H3K9ac --distillation-config.weight-ce 0.5 --distillation-config.weight-kl 0.0 --distillation-config.weight-mse 1 --distillation-config.temperature 4.0 --trainer-config.early-stop-patience 100 --slurm-config.mode run
[15:08:07] (5/24) -> voyager job=240021 :: carbon-raw --task-names H3K9ac --distillation-config.weight-ce 0.5 --distillation-config.weight-kl 0.0 --distillation-config.weight-mse 2 --distillation-config.temperature 0.5 --trainer-config.early-stop-patience 100 --slurm-config.mode run
[15:10:12] (6/24) -> laniakea job=240022 :: carbon-raw --task-names H3K9ac --distillation-config.weight-ce 0.5 --distillation-config.weight-kl 0.0 --distillation-config.weight-mse 2 --distillation-config.temperature 1.0 --trainer-config.early-stop-patience 100 --slurm-config.mode run
[15:10:18] (7/24) -> voyager job=240023 :: carbon-raw --task-names H3K9ac --distillation-config.weight-ce 0.5 --distillation-config.weight-kl 0.0 --distillation-config.weight-mse 2 --distillation-config.temperature 1.5 --trainer-config.early-stop-patience 100 --slurm-config.mode run
[15:14:25] (8/24) -> laniakea job=240024 :: carbon-raw --task-names H3K9ac --distillation-config.weight-ce 0.5 --distillation-config.weight-kl 0.0 --distillation-config.weight-mse 2 --distillation-config.temperature 2.0 --trainer-config.early-stop-patience 100 --slurm-config.mode run
[15:14:30] (9/24) -> laniakea job=240025 :: carbon-raw --task-names H3K9ac --distillation-config.weight-ce 0.5 --distillation-config.weight-kl 0.0 --distillation-config.weight-mse 2 --distillation-config.temperature 4.0 --trainer-config.early-stop-patience 100 --slurm-config.mode run
[15:28:37] (10/24) -> voyager job=240028 :: carbon-raw --task-names H3K9ac --distillation-config.weight-ce 0.5 --distillation-config.weight-kl 0.0 --distillation-config.weight-mse 5 --distillation-config.temperature 0.5 --trainer-config.early-stop-patience 100 --slurm-config.mode run
[15:34:42] (11/24) -> galaxy job=240030 :: carbon-raw --task-names H3K9ac --distillation-config.weight-ce 0.5 --distillation-config.weight-kl 0.0 --distillation-config.weight-mse 5 --distillation-config.temperature 1.0 --trainer-config.early-stop-patience 100 --slurm-config.mode run
[15:36:48] (12/24) -> galaxy job=240032 :: carbon-raw --task-names H3K9ac --distillation-config.weight-ce 0.5 --distillation-config.weight-kl 0.0 --distillation-config.weight-mse 5 --distillation-config.temperature 1.5 --trainer-config.early-stop-patience 100 --slurm-config.mode run
[15:42:56] (13/24) -> galaxy job=240035 :: carbon-raw --task-names H3K9ac --distillation-config.weight-ce 0.5 --distillation-config.weight-kl 0.0 --distillation-config.weight-mse 5 --distillation-config.temperature 2.0 --trainer-config.early-stop-patience 100 --slurm-config.mode run
[15:53:02] (14/24) -> voyager job=240038 :: carbon-raw --task-names H3K9ac --distillation-config.weight-ce 0.5 --distillation-config.weight-kl 0.0 --distillation-config.weight-mse 5 --distillation-config.temperature 4.0 --trainer-config.early-stop-patience 100 --slurm-config.mode run
[15:55:08] (15/24) -> laniakea job=240040 :: carbon-raw --task-names H3K9ac --distillation-config.weight-ce 0.5 --distillation-config.weight-kl 0.25 --distillation-config.weight-mse 0.0 --distillation-config.temperature 0.5 --trainer-config.early-stop-patience 100 --slurm-config.mode run
[15:59:16] (16/24) -> laniakea job=240042 :: carbon-raw --task-names H3K9ac --distillation-config.weight-ce 0.5 --distillation-config.weight-kl 0.25 --distillation-config.weight-mse 0.0 --distillation-config.temperature 1.0 --trainer-config.early-stop-patience 100 --slurm-config.mode run
[16:11:23] (17/24) -> galaxy job=240044 :: carbon-raw --task-names H3K9ac --distillation-config.weight-ce 0.5 --distillation-config.weight-kl 0.25 --distillation-config.weight-mse 0.0 --distillation-config.temperature 1.5 --trainer-config.early-stop-patience 100 --slurm-config.mode run
[16:13:28] (18/24) -> voyager job=240046 :: carbon-raw --task-names H3K9ac --distillation-config.weight-ce 0.5 --distillation-config.weight-kl 0.25 --distillation-config.weight-mse 0.0 --distillation-config.temperature 2.0 --trainer-config.early-stop-patience 100 --slurm-config.mode run
[16:19:34] (19/24) -> galaxy job=240048 :: carbon-raw --task-names H3K9ac --distillation-config.weight-ce 0.5 --distillation-config.weight-kl 0.25 --distillation-config.weight-mse 0.0 --distillation-config.temperature 4.0 --trainer-config.early-stop-patience 100 --slurm-config.mode run
[16:23:40] (20/24) -> laniakea job=240050 :: carbon-raw --task-names H3K9ac --distillation-config.weight-ce 0.5 --distillation-config.weight-kl 0.25 --distillation-config.weight-mse 1 --distillation-config.temperature 0.5 --trainer-config.early-stop-patience 100 --slurm-config.mode run
[16:33:47] (21/24) -> voyager job=240052 :: carbon-raw --task-names H3K9ac --distillation-config.weight-ce 0.5 --distillation-config.weight-kl 0.25 --distillation-config.weight-mse 1 --distillation-config.temperature 1.0 --trainer-config.early-stop-patience 100 --slurm-config.mode run
[16:37:53] (22/24) -> laniakea job=240054 :: carbon-raw --task-names H3K9ac --distillation-config.weight-ce 0.5 --distillation-config.weight-kl 0.25 --distillation-config.weight-mse 1 --distillation-config.temperature 1.5 --trainer-config.early-stop-patience 100 --slurm-config.mode run
[16:48:00] (23/24) -> laniakea job=240056 :: carbon-raw --task-names H3K9ac --distillation-config.weight-ce 0.5 --distillation-config.weight-kl 0.25 --distillation-config.weight-mse 1 --distillation-config.temperature 2.0 --trainer-config.early-stop-patience 100 --slurm-config.mode run
[16:52:06] (24/24) -> voyager job=240058 :: carbon-raw --task-names H3K9ac --distillation-config.weight-ce 0.5 --distillation-config.weight-kl 0.25 --distillation-config.weight-mse 1 --distillation-config.temperature 4.0 --trainer-config.early-stop-patience 100 --slurm-config.mode run
[specs 16:52:11] all 24 submitted
