[specs 23:16:44] best_3seed_specs.txt: 54 jobs to submit
[23:16:44] (1/54) -> laniakea job=241722 :: carbon-raw --task-names H2AFZ --distillation-config.weight-ce 0.5 --distillation-config.weight-kl 1.0 --distillation-config.weight-mse 0.0 --distillation-config.temperature 1.0 --trainer-config.early-stop-patience 100 --random-state 0 --slurm-config.mode run
[23:16:49] (2/54) -> laniakea job=241723 :: carbon-raw --task-names H2AFZ --distillation-config.weight-ce 0.5 --distillation-config.weight-kl 1.0 --distillation-config.weight-mse 0.0 --distillation-config.temperature 1.0 --trainer-config.early-stop-patience 100 --random-state 1 --slurm-config.mode run
[23:16:54] (3/54) -> laniakea job=241724 :: carbon-raw --task-names H2AFZ --distillation-config.weight-ce 0.5 --distillation-config.weight-kl 1.0 --distillation-config.weight-mse 0.0 --distillation-config.temperature 1.0 --trainer-config.early-stop-patience 100 --random-state 2 --slurm-config.mode run
[23:16:59] (4/54) -> laniakea job=241725 :: carbon-raw --task-names H3K27ac --distillation-config.weight-ce 0.5 --distillation-config.weight-kl 1.0 --distillation-config.weight-mse 2.0 --distillation-config.temperature 0.5 --trainer-config.early-stop-patience 100 --random-state 0 --slurm-config.mode run
[23:17:05] (5/54) -> laniakea job=241726 :: carbon-raw --task-names H3K27ac --distillation-config.weight-ce 0.5 --distillation-config.weight-kl 1.0 --distillation-config.weight-mse 2.0 --distillation-config.temperature 0.5 --trainer-config.early-stop-patience 100 --random-state 1 --slurm-config.mode run
[23:17:10] (6/54) -> laniakea job=241727 :: carbon-raw --task-names H3K27ac --distillation-config.weight-ce 0.5 --distillation-config.weight-kl 1.0 --distillation-config.weight-mse 2.0 --distillation-config.temperature 0.5 --trainer-config.early-stop-patience 100 --random-state 2 --slurm-config.mode run
[23:17:15] (7/54) -> laniakea job=241728 :: carbon-raw --task-names H3K27me3 --distillation-config.weight-ce 0.5 --distillation-config.weight-kl 0.5 --distillation-config.weight-mse 0.2 --distillation-config.temperature 2.0 --trainer-config.early-stop-patience 100 --random-state 0 --slurm-config.mode run
[23:17:22] (8/54) -> voyager job=241729 :: carbon-raw --task-names H3K27me3 --distillation-config.weight-ce 0.5 --distillation-config.weight-kl 0.5 --distillation-config.weight-mse 0.2 --distillation-config.temperature 2.0 --trainer-config.early-stop-patience 100 --random-state 1 --slurm-config.mode run
[23:17:28] (9/54) -> voyager job=241730 :: carbon-raw --task-names H3K27me3 --distillation-config.weight-ce 0.5 --distillation-config.weight-kl 0.5 --distillation-config.weight-mse 0.2 --distillation-config.temperature 2.0 --trainer-config.early-stop-patience 100 --random-state 2 --slurm-config.mode run
[23:17:34] (10/54) -> voyager job=241731 :: carbon-raw --task-names H3K36me3 --distillation-config.weight-ce 0.5 --distillation-config.weight-kl 0.5 --distillation-config.weight-mse 2.0 --distillation-config.temperature 1.5 --trainer-config.early-stop-patience 100 --random-state 0 --slurm-config.mode run
[23:17:39] (11/54) -> voyager job=241732 :: carbon-raw --task-names H3K36me3 --distillation-config.weight-ce 0.5 --distillation-config.weight-kl 0.5 --distillation-config.weight-mse 2.0 --distillation-config.temperature 1.5 --trainer-config.early-stop-patience 100 --random-state 1 --slurm-config.mode run
[23:17:47] (12/54) -> galaxy job=241733 :: carbon-raw --task-names H3K36me3 --distillation-config.weight-ce 0.5 --distillation-config.weight-kl 0.5 --distillation-config.weight-mse 2.0 --distillation-config.temperature 1.5 --trainer-config.early-stop-patience 100 --random-state 2 --slurm-config.mode run
[23:17:55] (13/54) -> galaxy job=241734 :: carbon-raw --task-names H3K4me1 --distillation-config.weight-ce 0.5 --distillation-config.weight-kl 1.0 --distillation-config.weight-mse 0.0 --distillation-config.temperature 4.0 --trainer-config.early-stop-patience 100 --random-state 0 --slurm-config.mode run
[23:18:04] (14/54) -> galaxy job=241735 :: carbon-raw --task-names H3K4me1 --distillation-config.weight-ce 0.5 --distillation-config.weight-kl 1.0 --distillation-config.weight-mse 0.0 --distillation-config.temperature 4.0 --trainer-config.early-stop-patience 100 --random-state 1 --slurm-config.mode run
[23:18:11] (15/54) -> galaxy job=241736 :: carbon-raw --task-names H3K4me1 --distillation-config.weight-ce 0.5 --distillation-config.weight-kl 1.0 --distillation-config.weight-mse 0.0 --distillation-config.temperature 4.0 --trainer-config.early-stop-patience 100 --random-state 2 --slurm-config.mode run
[23:18:19] (16/54) -> galaxy job=241737 :: carbon-raw --task-names H3K4me2 --distillation-config.weight-ce 0.5 --distillation-config.weight-kl 0.5 --distillation-config.weight-mse 0.0 --distillation-config.temperature 2.0 --trainer-config.early-stop-patience 100 --random-state 0 --slurm-config.mode run
[23:46:36] (17/54) -> voyager job=241741 :: carbon-raw --task-names H3K4me2 --distillation-config.weight-ce 0.5 --distillation-config.weight-kl 0.5 --distillation-config.weight-mse 0.0 --distillation-config.temperature 2.0 --trainer-config.early-stop-patience 100 --random-state 1 --slurm-config.mode run
[00:02:46] (18/54) -> voyager job=241760 :: carbon-raw --task-names H3K4me2 --distillation-config.weight-ce 0.5 --distillation-config.weight-kl 0.5 --distillation-config.weight-mse 0.0 --distillation-config.temperature 2.0 --trainer-config.early-stop-patience 100 --random-state 2 --slurm-config.mode run
[00:04:53] (19/54) -> galaxy job=241764 :: carbon-raw --task-names H3K4me3 --distillation-config.weight-ce 0.5 --distillation-config.weight-kl 0.5 --distillation-config.weight-mse 0.0 --distillation-config.temperature 4.0 --trainer-config.early-stop-patience 100 --random-state 0 --slurm-config.mode run
[00:09:00] (20/54) -> voyager job=241765 :: carbon-raw --task-names H3K4me3 --distillation-config.weight-ce 0.5 --distillation-config.weight-kl 0.5 --distillation-config.weight-mse 0.0 --distillation-config.temperature 4.0 --trainer-config.early-stop-patience 100 --random-state 1 --slurm-config.mode run
[00:15:07] (21/54) -> laniakea job=241766 :: carbon-raw --task-names H3K4me3 --distillation-config.weight-ce 0.5 --distillation-config.weight-kl 0.5 --distillation-config.weight-mse 0.0 --distillation-config.temperature 4.0 --trainer-config.early-stop-patience 100 --random-state 2 --slurm-config.mode run
[00:17:12] (22/54) -> laniakea job=241767 :: carbon-raw --task-names H3K9ac --distillation-config.weight-ce 0.5 --distillation-config.weight-kl 1.0 --distillation-config.weight-mse 2.0 --distillation-config.temperature 1.5 --trainer-config.early-stop-patience 100 --random-state 0 --slurm-config.mode run
[00:19:18] (23/54) -> laniakea job=241768 :: carbon-raw --task-names H3K9ac --distillation-config.weight-ce 0.5 --distillation-config.weight-kl 1.0 --distillation-config.weight-mse 2.0 --distillation-config.temperature 1.5 --trainer-config.early-stop-patience 100 --random-state 1 --slurm-config.mode run
[00:19:23] (24/54) -> laniakea job=241769 :: carbon-raw --task-names H3K9ac --distillation-config.weight-ce 0.5 --distillation-config.weight-kl 1.0 --distillation-config.weight-mse 2.0 --distillation-config.temperature 1.5 --trainer-config.early-stop-patience 100 --random-state 2 --slurm-config.mode run
[00:19:28] (25/54) -> laniakea job=241770 :: carbon-raw --task-names H3K9me3 --distillation-config.weight-ce 0.5 --distillation-config.weight-kl 0.25 --distillation-config.weight-mse 0.0 --distillation-config.temperature 2.0 --trainer-config.early-stop-patience 100 --random-state 0 --slurm-config.mode run
[00:19:33] (26/54) -> laniakea job=241771 :: carbon-raw --task-names H3K9me3 --distillation-config.weight-ce 0.5 --distillation-config.weight-kl 0.25 --distillation-config.weight-mse 0.0 --distillation-config.temperature 2.0 --trainer-config.early-stop-patience 100 --random-state 1 --slurm-config.mode run
[00:19:39] (27/54) -> voyager job=241772 :: carbon-raw --task-names H3K9me3 --distillation-config.weight-ce 0.5 --distillation-config.weight-kl 0.25 --distillation-config.weight-mse 0.0 --distillation-config.temperature 2.0 --trainer-config.early-stop-patience 100 --random-state 2 --slurm-config.mode run
[00:19:44] (28/54) -> voyager job=241773 :: carbon-raw --task-names H4K20me1 --distillation-config.weight-ce 0.5 --distillation-config.weight-kl 1.0 --distillation-config.weight-mse 1.0 --distillation-config.temperature 4.0 --trainer-config.early-stop-patience 100 --random-state 0 --slurm-config.mode run
[00:23:52] (29/54) -> voyager job=241774 :: carbon-raw --task-names H4K20me1 --distillation-config.weight-ce 0.5 --distillation-config.weight-kl 1.0 --distillation-config.weight-mse 1.0 --distillation-config.temperature 4.0 --trainer-config.early-stop-patience 100 --random-state 1 --slurm-config.mode run
[00:25:57] (30/54) -> galaxy job=241775 :: carbon-raw --task-names H4K20me1 --distillation-config.weight-ce 0.5 --distillation-config.weight-kl 1.0 --distillation-config.weight-mse 1.0 --distillation-config.temperature 4.0 --trainer-config.early-stop-patience 100 --random-state 2 --slurm-config.mode run
[00:28:04] (31/54) -> voyager job=241776 :: carbon-raw --task-names enhancers --distillation-config.weight-ce 0.5 --distillation-config.weight-kl 1.0 --distillation-config.weight-mse 0.0 --distillation-config.temperature 1.0 --trainer-config.early-stop-patience 100 --random-state 0 --slurm-config.mode run
[00:40:13] (32/54) -> voyager job=241777 :: carbon-raw --task-names enhancers --distillation-config.weight-ce 0.5 --distillation-config.weight-kl 1.0 --distillation-config.weight-mse 0.0 --distillation-config.temperature 1.0 --trainer-config.early-stop-patience 100 --random-state 1 --slurm-config.mode run
[00:42:19] (33/54) -> laniakea job=241778 :: carbon-raw --task-names enhancers --distillation-config.weight-ce 0.5 --distillation-config.weight-kl 1.0 --distillation-config.weight-mse 0.0 --distillation-config.temperature 1.0 --trainer-config.early-stop-patience 100 --random-state 2 --slurm-config.mode run
[00:50:27] (34/54) -> voyager job=241779 :: carbon-raw --task-names enhancers_types --distillation-config.weight-ce 0.5 --distillation-config.weight-kl 0.5 --distillation-config.weight-mse 1.0 --distillation-config.temperature 1.5 --trainer-config.early-stop-patience 100 --random-state 0 --slurm-config.mode run
[00:50:32] (35/54) -> galaxy job=241780 :: carbon-raw --task-names enhancers_types --distillation-config.weight-ce 0.5 --distillation-config.weight-kl 0.5 --distillation-config.weight-mse 1.0 --distillation-config.temperature 1.5 --trainer-config.early-stop-patience 100 --random-state 1 --slurm-config.mode run
[00:52:38] (36/54) -> voyager job=241781 :: carbon-raw --task-names enhancers_types --distillation-config.weight-ce 0.5 --distillation-config.weight-kl 0.5 --distillation-config.weight-mse 1.0 --distillation-config.temperature 1.5 --trainer-config.early-stop-patience 100 --random-state 2 --slurm-config.mode run
[00:54:44] (37/54) -> galaxy job=241782 :: carbon-raw --task-names promoter_all --distillation-config.weight-ce 0.5 --distillation-config.weight-kl 1.0 --distillation-config.weight-mse 1.0 --distillation-config.temperature 2.0 --trainer-config.early-stop-patience 100 --random-state 0 --slurm-config.mode run
[00:58:50] (38/54) -> voyager job=241783 :: carbon-raw --task-names promoter_all --distillation-config.weight-ce 0.5 --distillation-config.weight-kl 1.0 --distillation-config.weight-mse 1.0 --distillation-config.temperature 2.0 --trainer-config.early-stop-patience 100 --random-state 1 --slurm-config.mode run
[01:00:56] (39/54) -> laniakea job=241784 :: carbon-raw --task-names promoter_all --distillation-config.weight-ce 0.5 --distillation-config.weight-kl 1.0 --distillation-config.weight-mse 1.0 --distillation-config.temperature 2.0 --trainer-config.early-stop-patience 100 --random-state 2 --slurm-config.mode run
[01:03:02] (40/54) -> laniakea job=241785 :: carbon-raw --task-names promoter_no_tata --distillation-config.weight-ce 0.5 --distillation-config.weight-kl 0.5 --distillation-config.weight-mse 1.0 --distillation-config.temperature 0.5 --trainer-config.early-stop-patience 100 --random-state 0 --slurm-config.mode run
[01:03:07] (41/54) -> laniakea job=241786 :: carbon-raw --task-names promoter_no_tata --distillation-config.weight-ce 0.5 --distillation-config.weight-kl 0.5 --distillation-config.weight-mse 1.0 --distillation-config.temperature 0.5 --trainer-config.early-stop-patience 100 --random-state 1 --slurm-config.mode run
[01:03:12] (42/54) -> galaxy job=241787 :: carbon-raw --task-names promoter_no_tata --distillation-config.weight-ce 0.5 --distillation-config.weight-kl 0.5 --distillation-config.weight-mse 1.0 --distillation-config.temperature 0.5 --trainer-config.early-stop-patience 100 --random-state 2 --slurm-config.mode run
[01:05:18] (43/54) -> laniakea job=241788 :: carbon-raw --task-names promoter_tata --distillation-config.weight-ce 0.5 --distillation-config.weight-kl 0.0 --distillation-config.weight-mse 2.0 --distillation-config.temperature 1.0 --trainer-config.early-stop-patience 100 --random-state 0 --slurm-config.mode run
[01:05:23] (44/54) -> voyager job=241789 :: carbon-raw --task-names promoter_tata --distillation-config.weight-ce 0.5 --distillation-config.weight-kl 0.0 --distillation-config.weight-mse 2.0 --distillation-config.temperature 1.0 --trainer-config.early-stop-patience 100 --random-state 1 --slurm-config.mode run
[01:05:28] (45/54) -> laniakea job=241790 :: carbon-raw --task-names promoter_tata --distillation-config.weight-ce 0.5 --distillation-config.weight-kl 0.0 --distillation-config.weight-mse 2.0 --distillation-config.temperature 1.0 --trainer-config.early-stop-patience 100 --random-state 2 --slurm-config.mode run
[01:07:34] (46/54) -> laniakea job=241791 :: carbon-raw --task-names splice_sites_acceptors --distillation-config.weight-ce 0.5 --distillation-config.weight-kl 0.5 --distillation-config.weight-mse 0.0 --distillation-config.temperature 1.5 --trainer-config.early-stop-patience 100 --random-state 0 --slurm-config.mode run
[01:09:40] (47/54) -> laniakea job=241792 :: carbon-raw --task-names splice_sites_acceptors --distillation-config.weight-ce 0.5 --distillation-config.weight-kl 0.5 --distillation-config.weight-mse 0.0 --distillation-config.temperature 1.5 --trainer-config.early-stop-patience 100 --random-state 1 --slurm-config.mode run
[01:15:48] (48/54) -> voyager job=241793 :: carbon-raw --task-names splice_sites_acceptors --distillation-config.weight-ce 0.5 --distillation-config.weight-kl 0.5 --distillation-config.weight-mse 0.0 --distillation-config.temperature 1.5 --trainer-config.early-stop-patience 100 --random-state 2 --slurm-config.mode run
[01:15:53] (49/54) -> voyager job=241794 :: carbon-raw --task-names splice_sites_all --distillation-config.weight-ce 0.5 --distillation-config.weight-kl 1.0 --distillation-config.weight-mse 0.0 --distillation-config.temperature 4.0 --trainer-config.early-stop-patience 100 --random-state 0 --slurm-config.mode run
[01:17:59] (50/54) -> laniakea job=241795 :: carbon-raw --task-names splice_sites_all --distillation-config.weight-ce 0.5 --distillation-config.weight-kl 1.0 --distillation-config.weight-mse 0.0 --distillation-config.temperature 4.0 --trainer-config.early-stop-patience 100 --random-state 1 --slurm-config.mode run
[01:18:04] (51/54) -> galaxy job=241796 :: carbon-raw --task-names splice_sites_all --distillation-config.weight-ce 0.5 --distillation-config.weight-kl 1.0 --distillation-config.weight-mse 0.0 --distillation-config.temperature 4.0 --trainer-config.early-stop-patience 100 --random-state 2 --slurm-config.mode run
[01:20:10] (52/54) -> laniakea job=241797 :: carbon-raw --task-names splice_sites_donors --distillation-config.weight-ce 0.5 --distillation-config.weight-kl 0.5 --distillation-config.weight-mse 0.0 --distillation-config.temperature 0.5 --trainer-config.early-stop-patience 100 --random-state 0 --slurm-config.mode run
[01:22:16] (53/54) -> voyager job=241798 :: carbon-raw --task-names splice_sites_donors --distillation-config.weight-ce 0.5 --distillation-config.weight-kl 0.5 --distillation-config.weight-mse 0.0 --distillation-config.temperature 0.5 --trainer-config.early-stop-patience 100 --random-state 1 --slurm-config.mode run
[01:26:23] (54/54) -> voyager job=241799 :: carbon-raw --task-names splice_sites_donors --distillation-config.weight-ce 0.5 --distillation-config.weight-kl 0.5 --distillation-config.weight-mse 0.0 --distillation-config.temperature 0.5 --trainer-config.early-stop-patience 100 --random-state 2 --slurm-config.mode run
[specs 01:26:28] all 54 submitted
