[specs 21:53:26] hp_carbon_remaining.txt: 413 jobs to submit
[21:53:26] (1/413) -> laniakea job=245002 :: carbon-raw-original --task-names H3K27me3 --distillation-config.weight-ce 0.5 --distillation-config.weight-kl 0.0 --distillation-config.weight-mse 2.0 --distillation-config.temperature 0.5 --trainer-config.early-stop-patience 100 --slurm-config.mode run
[21:53:31] (2/413) -> voyager job=245003 :: carbon-raw-original --task-names H3K27me3 --distillation-config.weight-ce 0.5 --distillation-config.weight-kl 0.0 --distillation-config.weight-mse 5.0 --distillation-config.temperature 0.5 --trainer-config.early-stop-patience 100 --slurm-config.mode run
[21:53:37] (3/413) -> voyager job=245004 :: carbon-raw-original --task-names H3K27me3 --distillation-config.weight-ce 0.5 --distillation-config.weight-kl 0.25 --distillation-config.weight-mse 2.0 --distillation-config.temperature 0.5 --trainer-config.early-stop-patience 100 --slurm-config.mode run
[21:57:42] (4/413) -> laniakea job=245005 :: carbon-raw-original --task-names H3K27me3 --distillation-config.weight-ce 0.5 --distillation-config.weight-kl 0.25 --distillation-config.weight-mse 2.0 --distillation-config.temperature 1.0 --trainer-config.early-stop-patience 100 --slurm-config.mode run
[21:57:47] (5/413) -> voyager job=245006 :: carbon-raw-original --task-names H3K27me3 --distillation-config.weight-ce 0.5 --distillation-config.weight-kl 0.25 --distillation-config.weight-mse 2.0 --distillation-config.temperature 1.5 --trainer-config.early-stop-patience 100 --slurm-config.mode run
[21:57:52] (6/413) -> galaxy job=245007 :: carbon-raw-original --task-names H3K27me3 --distillation-config.weight-ce 0.5 --distillation-config.weight-kl 0.25 --distillation-config.weight-mse 2.0 --distillation-config.temperature 2.0 --trainer-config.early-stop-patience 100 --slurm-config.mode run
[21:57:58] (7/413) -> galaxy job=245008 :: carbon-raw-original --task-names H3K27me3 --distillation-config.weight-ce 0.5 --distillation-config.weight-kl 0.25 --distillation-config.weight-mse 2.0 --distillation-config.temperature 4.0 --trainer-config.early-stop-patience 100 --slurm-config.mode run
[21:58:03] (8/413) -> galaxy job=245009 :: carbon-raw-original --task-names H3K27me3 --distillation-config.weight-ce 0.5 --distillation-config.weight-kl 0.25 --distillation-config.weight-mse 5.0 --distillation-config.temperature 0.5 --trainer-config.early-stop-patience 100 --slurm-config.mode run
[21:58:08] (9/413) -> galaxy job=245010 :: carbon-raw-original --task-names H3K27me3 --distillation-config.weight-ce 0.5 --distillation-config.weight-kl 0.25 --distillation-config.weight-mse 5.0 --distillation-config.temperature 1.0 --trainer-config.early-stop-patience 100 --slurm-config.mode run
[21:58:13] (10/413) -> galaxy job=245011 :: carbon-raw-original --task-names H3K27me3 --distillation-config.weight-ce 0.5 --distillation-config.weight-kl 0.25 --distillation-config.weight-mse 5.0 --distillation-config.temperature 1.5 --trainer-config.early-stop-patience 100 --slurm-config.mode run
[22:08:19] (11/413) -> voyager job=245013 :: carbon-raw-original --task-names H3K27me3 --distillation-config.weight-ce 0.5 --distillation-config.weight-kl 0.25 --distillation-config.weight-mse 5.0 --distillation-config.temperature 2.0 --trainer-config.early-stop-patience 100 --slurm-config.mode run
[22:08:24] (12/413) -> voyager job=245014 :: carbon-raw-original --task-names H3K27me3 --distillation-config.weight-ce 0.5 --distillation-config.weight-kl 0.25 --distillation-config.weight-mse 5.0 --distillation-config.temperature 4.0 --trainer-config.early-stop-patience 100 --slurm-config.mode run
[22:12:30] (13/413) -> voyager job=245015 :: carbon-raw-original --task-names H3K27me3 --distillation-config.weight-ce 0.5 --distillation-config.weight-kl 0.5 --distillation-config.weight-mse 2.0 --distillation-config.temperature 0.5 --trainer-config.early-stop-patience 100 --slurm-config.mode run
[22:14:35] (14/413) -> laniakea job=245016 :: carbon-raw-original --task-names H3K27me3 --distillation-config.weight-ce 0.5 --distillation-config.weight-kl 0.5 --distillation-config.weight-mse 2.0 --distillation-config.temperature 1.0 --trainer-config.early-stop-patience 100 --slurm-config.mode run
[22:20:41] (15/413) -> laniakea job=245017 :: carbon-raw-original --task-names H3K27me3 --distillation-config.weight-ce 0.5 --distillation-config.weight-kl 0.5 --distillation-config.weight-mse 2.0 --distillation-config.temperature 1.5 --trainer-config.early-stop-patience 100 --slurm-config.mode run
[22:20:46] (16/413) -> galaxy job=245018 :: carbon-raw-original --task-names H3K27me3 --distillation-config.weight-ce 0.5 --distillation-config.weight-kl 0.5 --distillation-config.weight-mse 2.0 --distillation-config.temperature 2.0 --trainer-config.early-stop-patience 100 --slurm-config.mode run
[22:20:51] (17/413) -> galaxy job=245019 :: carbon-raw-original --task-names H3K27me3 --distillation-config.weight-ce 0.5 --distillation-config.weight-kl 0.5 --distillation-config.weight-mse 2.0 --distillation-config.temperature 4.0 --trainer-config.early-stop-patience 100 --slurm-config.mode run
[22:20:56] (18/413) -> galaxy job=245020 :: carbon-raw-original --task-names H3K27me3 --distillation-config.weight-ce 0.5 --distillation-config.weight-kl 0.5 --distillation-config.weight-mse 5.0 --distillation-config.temperature 0.5 --trainer-config.early-stop-patience 100 --slurm-config.mode run
[22:21:02] (19/413) -> galaxy job=245021 :: carbon-raw-original --task-names H3K27me3 --distillation-config.weight-ce 0.5 --distillation-config.weight-kl 0.5 --distillation-config.weight-mse 5.0 --distillation-config.temperature 1.0 --trainer-config.early-stop-patience 100 --slurm-config.mode run
[22:23:07] (20/413) -> voyager job=245022 :: carbon-raw-original --task-names H3K27me3 --distillation-config.weight-ce 0.5 --distillation-config.weight-kl 0.5 --distillation-config.weight-mse 5.0 --distillation-config.temperature 1.5 --trainer-config.early-stop-patience 100 --slurm-config.mode run
[22:23:12] (21/413) -> voyager job=245023 :: carbon-raw-original --task-names H3K27me3 --distillation-config.weight-ce 0.5 --distillation-config.weight-kl 0.5 --distillation-config.weight-mse 5.0 --distillation-config.temperature 2.0 --trainer-config.early-stop-patience 100 --slurm-config.mode run
[22:23:17] (22/413) -> galaxy job=245024 :: carbon-raw-original --task-names H3K27me3 --distillation-config.weight-ce 0.5 --distillation-config.weight-kl 0.5 --distillation-config.weight-mse 5.0 --distillation-config.temperature 4.0 --trainer-config.early-stop-patience 100 --slurm-config.mode run
[22:37:24] (23/413) -> laniakea job=245026 :: carbon-raw-original --task-names H3K27me3 --distillation-config.weight-ce 0.5 --distillation-config.weight-kl 1.0 --distillation-config.weight-mse 2.0 --distillation-config.temperature 0.5 --trainer-config.early-stop-patience 100 --slurm-config.mode run
[22:43:29] (24/413) -> galaxy job=245033 :: carbon-raw-original --task-names H3K27me3 --distillation-config.weight-ce 0.5 --distillation-config.weight-kl 1.0 --distillation-config.weight-mse 2.0 --distillation-config.temperature 1.0 --trainer-config.early-stop-patience 100 --slurm-config.mode run
[23:07:37] (25/413) -> galaxy job=245038 :: carbon-raw-original --task-names H3K27me3 --distillation-config.weight-ce 0.5 --distillation-config.weight-kl 1.0 --distillation-config.weight-mse 2.0 --distillation-config.temperature 1.5 --trainer-config.early-stop-patience 100 --slurm-config.mode run
[00:09:48] (26/413) -> voyager job=245040 :: carbon-raw-original --task-names H3K27me3 --distillation-config.weight-ce 0.5 --distillation-config.weight-kl 1.0 --distillation-config.weight-mse 2.0 --distillation-config.temperature 2.0 --trainer-config.early-stop-patience 100 --slurm-config.mode run
[00:17:53] (27/413) -> voyager job=245042 :: carbon-raw-original --task-names H3K27me3 --distillation-config.weight-ce 0.5 --distillation-config.weight-kl 1.0 --distillation-config.weight-mse 2.0 --distillation-config.temperature 4.0 --trainer-config.early-stop-patience 100 --slurm-config.mode run
[00:36:00] (28/413) -> voyager job=245044 :: carbon-raw-original --task-names H3K27me3 --distillation-config.weight-ce 0.5 --distillation-config.weight-kl 1.0 --distillation-config.weight-mse 5.0 --distillation-config.temperature 0.5 --trainer-config.early-stop-patience 100 --slurm-config.mode run
[01:40:11] (29/413) -> laniakea job=245050 :: carbon-raw-original --task-names H3K27me3 --distillation-config.weight-ce 0.5 --distillation-config.weight-kl 1.0 --distillation-config.weight-mse 5.0 --distillation-config.temperature 1.0 --trainer-config.early-stop-patience 100 --slurm-config.mode run
[01:44:16] (30/413) -> laniakea job=245052 :: carbon-raw-original --task-names H3K27me3 --distillation-config.weight-ce 0.5 --distillation-config.weight-kl 1.0 --distillation-config.weight-mse 5.0 --distillation-config.temperature 1.5 --trainer-config.early-stop-patience 100 --slurm-config.mode run
[01:46:22] (31/413) -> galaxy job=245054 :: carbon-raw-original --task-names H3K27me3 --distillation-config.weight-ce 0.5 --distillation-config.weight-kl 1.0 --distillation-config.weight-mse 5.0 --distillation-config.temperature 2.0 --trainer-config.early-stop-patience 100 --slurm-config.mode run
[01:50:28] (32/413) -> voyager job=245056 :: carbon-raw-original --task-names H3K27me3 --distillation-config.weight-ce 0.5 --distillation-config.weight-kl 1.0 --distillation-config.weight-mse 5.0 --distillation-config.temperature 4.0 --trainer-config.early-stop-patience 100 --slurm-config.mode run
[02:08:35] (33/413) -> voyager job=245059 :: carbon-raw-original --task-names H3K36me3 --distillation-config.weight-ce 0.5 --distillation-config.weight-kl 0.0 --distillation-config.weight-mse 2.0 --distillation-config.temperature 0.5 --trainer-config.early-stop-patience 100 --slurm-config.mode run
[02:10:41] (34/413) -> voyager job=245060 :: carbon-raw-original --task-names H3K36me3 --distillation-config.weight-ce 0.5 --distillation-config.weight-kl 0.0 --distillation-config.weight-mse 5.0 --distillation-config.temperature 0.5 --trainer-config.early-stop-patience 100 --slurm-config.mode run
[02:16:47] (35/413) -> galaxy job=245062 :: carbon-raw-original --task-names H3K36me3 --distillation-config.weight-ce 0.5 --distillation-config.weight-kl 0.25 --distillation-config.weight-mse 2.0 --distillation-config.temperature 0.5 --trainer-config.early-stop-patience 100 --slurm-config.mode run
[02:24:53] (36/413) -> voyager job=245064 :: carbon-raw-original --task-names H3K36me3 --distillation-config.weight-ce 0.5 --distillation-config.weight-kl 0.25 --distillation-config.weight-mse 2.0 --distillation-config.temperature 1.0 --trainer-config.early-stop-patience 100 --slurm-config.mode run
[02:32:59] (37/413) -> galaxy job=245068 :: carbon-raw-original --task-names H3K36me3 --distillation-config.weight-ce 0.5 --distillation-config.weight-kl 0.25 --distillation-config.weight-mse 2.0 --distillation-config.temperature 1.5 --trainer-config.early-stop-patience 100 --slurm-config.mode run
[02:43:05] (38/413) -> laniakea job=245070 :: carbon-raw-original --task-names H3K36me3 --distillation-config.weight-ce 0.5 --distillation-config.weight-kl 0.25 --distillation-config.weight-mse 2.0 --distillation-config.temperature 2.0 --trainer-config.early-stop-patience 100 --slurm-config.mode run
[03:05:13] (39/413) -> laniakea job=245075 :: carbon-raw-original --task-names H3K36me3 --distillation-config.weight-ce 0.5 --distillation-config.weight-kl 0.25 --distillation-config.weight-mse 2.0 --distillation-config.temperature 4.0 --trainer-config.early-stop-patience 100 --slurm-config.mode run
[03:19:20] (40/413) -> voyager job=245077 :: carbon-raw-original --task-names H3K36me3 --distillation-config.weight-ce 0.5 --distillation-config.weight-kl 0.25 --distillation-config.weight-mse 5.0 --distillation-config.temperature 0.5 --trainer-config.early-stop-patience 100 --slurm-config.mode run
[03:33:27] (41/413) -> voyager job=245079 :: carbon-raw-original --task-names H3K36me3 --distillation-config.weight-ce 0.5 --distillation-config.weight-kl 0.25 --distillation-config.weight-mse 5.0 --distillation-config.temperature 1.0 --trainer-config.early-stop-patience 100 --slurm-config.mode run
[03:55:36] (42/413) -> voyager job=245090 :: carbon-raw-original --task-names H3K36me3 --distillation-config.weight-ce 0.5 --distillation-config.weight-kl 0.25 --distillation-config.weight-mse 5.0 --distillation-config.temperature 1.5 --trainer-config.early-stop-patience 100 --slurm-config.mode run
[04:58:07] (43/413) -> galaxy job=245096 :: carbon-raw-original --task-names H3K36me3 --distillation-config.weight-ce 0.5 --distillation-config.weight-kl 0.25 --distillation-config.weight-mse 5.0 --distillation-config.temperature 2.0 --trainer-config.early-stop-patience 100 --slurm-config.mode run
[05:14:14] (44/413) -> voyager job=245099 :: carbon-raw-original --task-names H3K36me3 --distillation-config.weight-ce 0.5 --distillation-config.weight-kl 0.25 --distillation-config.weight-mse 5.0 --distillation-config.temperature 4.0 --trainer-config.early-stop-patience 100 --slurm-config.mode run
[05:40:23] (45/413) -> galaxy job=245102 :: carbon-raw-original --task-names H3K36me3 --distillation-config.weight-ce 0.5 --distillation-config.weight-kl 0.5 --distillation-config.weight-mse 2.0 --distillation-config.temperature 0.5 --trainer-config.early-stop-patience 100 --slurm-config.mode run
[06:18:32] (46/413) -> galaxy job=245105 :: carbon-raw-original --task-names H3K36me3 --distillation-config.weight-ce 0.5 --distillation-config.weight-kl 0.5 --distillation-config.weight-mse 2.0 --distillation-config.temperature 1.0 --trainer-config.early-stop-patience 100 --slurm-config.mode run
[06:30:39] (47/413) -> laniakea job=245106 :: carbon-raw-original --task-names H3K36me3 --distillation-config.weight-ce 0.5 --distillation-config.weight-kl 0.5 --distillation-config.weight-mse 2.0 --distillation-config.temperature 1.5 --trainer-config.early-stop-patience 100 --slurm-config.mode run
[06:52:46] (48/413) -> voyager job=245109 :: carbon-raw-original --task-names H3K36me3 --distillation-config.weight-ce 0.5 --distillation-config.weight-kl 0.5 --distillation-config.weight-mse 2.0 --distillation-config.temperature 2.0 --trainer-config.early-stop-patience 100 --slurm-config.mode run
[07:08:52] (49/413) -> voyager job=245110 :: carbon-raw-original --task-names H3K36me3 --distillation-config.weight-ce 0.5 --distillation-config.weight-kl 0.5 --distillation-config.weight-mse 2.0 --distillation-config.temperature 4.0 --trainer-config.early-stop-patience 100 --slurm-config.mode run
[07:37:00] (50/413) -> voyager job=245112 :: carbon-raw-original --task-names H3K36me3 --distillation-config.weight-ce 0.5 --distillation-config.weight-kl 0.5 --distillation-config.weight-mse 5.0 --distillation-config.temperature 0.5 --trainer-config.early-stop-patience 100 --slurm-config.mode run
[07:41:06] (51/413) -> galaxy job=245114 :: carbon-raw-original --task-names H3K36me3 --distillation-config.weight-ce 0.5 --distillation-config.weight-kl 0.5 --distillation-config.weight-mse 5.0 --distillation-config.temperature 1.0 --trainer-config.early-stop-patience 100 --slurm-config.mode run
[07:59:13] (52/413) -> voyager job=245117 :: carbon-raw-original --task-names H3K36me3 --distillation-config.weight-ce 0.5 --distillation-config.weight-kl 0.5 --distillation-config.weight-mse 5.0 --distillation-config.temperature 1.5 --trainer-config.early-stop-patience 100 --slurm-config.mode run
[08:17:20] (53/413) -> galaxy job=245121 :: carbon-raw-original --task-names H3K36me3 --distillation-config.weight-ce 0.5 --distillation-config.weight-kl 0.5 --distillation-config.weight-mse 5.0 --distillation-config.temperature 2.0 --trainer-config.early-stop-patience 100 --slurm-config.mode run
[08:27:27] (54/413) -> laniakea job=245123 :: carbon-raw-original --task-names H3K36me3 --distillation-config.weight-ce 0.5 --distillation-config.weight-kl 0.5 --distillation-config.weight-mse 5.0 --distillation-config.temperature 4.0 --trainer-config.early-stop-patience 100 --slurm-config.mode run
[08:41:33] (55/413) -> galaxy job=245125 :: carbon-raw-original --task-names H3K36me3 --distillation-config.weight-ce 0.5 --distillation-config.weight-kl 1.0 --distillation-config.weight-mse 2.0 --distillation-config.temperature 0.5 --trainer-config.early-stop-patience 100 --slurm-config.mode run
[09:05:40] (56/413) -> voyager job=245126 :: carbon-raw-original --task-names H3K36me3 --distillation-config.weight-ce 0.5 --distillation-config.weight-kl 1.0 --distillation-config.weight-mse 2.0 --distillation-config.temperature 1.0 --trainer-config.early-stop-patience 100 --slurm-config.mode run
[09:19:47] (57/413) -> galaxy job=245128 :: carbon-raw-original --task-names H3K36me3 --distillation-config.weight-ce 0.5 --distillation-config.weight-kl 1.0 --distillation-config.weight-mse 2.0 --distillation-config.temperature 1.5 --trainer-config.early-stop-patience 100 --slurm-config.mode run
[09:27:53] (58/413) -> laniakea job=245130 :: carbon-raw-original --task-names H3K36me3 --distillation-config.weight-ce 0.5 --distillation-config.weight-kl 1.0 --distillation-config.weight-mse 2.0 --distillation-config.temperature 2.0 --trainer-config.early-stop-patience 100 --slurm-config.mode run
[09:27:58] (59/413) -> voyager job=245132 :: carbon-raw-original --task-names H3K36me3 --distillation-config.weight-ce 0.5 --distillation-config.weight-kl 1.0 --distillation-config.weight-mse 2.0 --distillation-config.temperature 4.0 --trainer-config.early-stop-patience 100 --slurm-config.mode run
[09:44:05] (60/413) -> voyager job=245135 :: carbon-raw-original --task-names H3K36me3 --distillation-config.weight-ce 0.5 --distillation-config.weight-kl 1.0 --distillation-config.weight-mse 5.0 --distillation-config.temperature 0.5 --trainer-config.early-stop-patience 100 --slurm-config.mode run
[10:02:12] (61/413) -> laniakea job=245137 :: carbon-raw-original --task-names H3K36me3 --distillation-config.weight-ce 0.5 --distillation-config.weight-kl 1.0 --distillation-config.weight-mse 5.0 --distillation-config.temperature 1.0 --trainer-config.early-stop-patience 100 --slurm-config.mode run
[10:06:17] (62/413) -> voyager job=245140 :: carbon-raw-original --task-names H3K36me3 --distillation-config.weight-ce 0.5 --distillation-config.weight-kl 1.0 --distillation-config.weight-mse 5.0 --distillation-config.temperature 1.5 --trainer-config.early-stop-patience 100 --slurm-config.mode run
[10:14:23] (63/413) -> voyager job=245142 :: carbon-raw-original --task-names H3K36me3 --distillation-config.weight-ce 0.5 --distillation-config.weight-kl 1.0 --distillation-config.weight-mse 5.0 --distillation-config.temperature 2.0 --trainer-config.early-stop-patience 100 --slurm-config.mode run
[10:22:29] (64/413) -> voyager job=245143 :: carbon-raw-original --task-names H3K36me3 --distillation-config.weight-ce 0.5 --distillation-config.weight-kl 1.0 --distillation-config.weight-mse 5.0 --distillation-config.temperature 4.0 --trainer-config.early-stop-patience 100 --slurm-config.mode run
[10:24:34] (65/413) -> laniakea job=245147 :: carbon-raw-original --task-names H4K20me1 --distillation-config.weight-ce 0.5 --distillation-config.weight-kl 0.0 --distillation-config.weight-mse 2.0 --distillation-config.temperature 0.5 --trainer-config.early-stop-patience 100 --slurm-config.mode run
[10:38:40] (66/413) -> voyager job=245150 :: carbon-raw-original --task-names H4K20me1 --distillation-config.weight-ce 0.5 --distillation-config.weight-kl 0.0 --distillation-config.weight-mse 5.0 --distillation-config.temperature 0.5 --trainer-config.early-stop-patience 100 --slurm-config.mode run
[10:42:46] (67/413) -> galaxy job=245154 :: carbon-raw-original --task-names H4K20me1 --distillation-config.weight-ce 0.5 --distillation-config.weight-kl 0.25 --distillation-config.weight-mse 2.0 --distillation-config.temperature 0.5 --trainer-config.early-stop-patience 100 --slurm-config.mode run
[10:52:52] (68/413) -> voyager job=245156 :: carbon-raw-original --task-names H4K20me1 --distillation-config.weight-ce 0.5 --distillation-config.weight-kl 0.25 --distillation-config.weight-mse 2.0 --distillation-config.temperature 1.0 --trainer-config.early-stop-patience 100 --slurm-config.mode run
[10:54:58] (69/413) -> laniakea job=245157 :: carbon-raw-original --task-names H4K20me1 --distillation-config.weight-ce 0.5 --distillation-config.weight-kl 0.25 --distillation-config.weight-mse 2.0 --distillation-config.temperature 1.5 --trainer-config.early-stop-patience 100 --slurm-config.mode run
[11:05:04] (70/413) -> galaxy job=245160 :: carbon-raw-original --task-names H4K20me1 --distillation-config.weight-ce 0.5 --distillation-config.weight-kl 0.25 --distillation-config.weight-mse 2.0 --distillation-config.temperature 2.0 --trainer-config.early-stop-patience 100 --slurm-config.mode run
[11:07:09] (71/413) -> voyager job=245163 :: carbon-raw-original --task-names H4K20me1 --distillation-config.weight-ce 0.5 --distillation-config.weight-kl 0.25 --distillation-config.weight-mse 2.0 --distillation-config.temperature 4.0 --trainer-config.early-stop-patience 100 --slurm-config.mode run
[11:13:15] (72/413) -> galaxy job=245165 :: carbon-raw-original --task-names H4K20me1 --distillation-config.weight-ce 0.5 --distillation-config.weight-kl 0.25 --distillation-config.weight-mse 5.0 --distillation-config.temperature 0.5 --trainer-config.early-stop-patience 100 --slurm-config.mode run
[11:23:20] (73/413) -> voyager job=245168 :: carbon-raw-original --task-names H4K20me1 --distillation-config.weight-ce 0.5 --distillation-config.weight-kl 0.25 --distillation-config.weight-mse 5.0 --distillation-config.temperature 1.0 --trainer-config.early-stop-patience 100 --slurm-config.mode run
[11:25:26] (74/413) -> laniakea job=245169 :: carbon-raw-original --task-names H4K20me1 --distillation-config.weight-ce 0.5 --distillation-config.weight-kl 0.25 --distillation-config.weight-mse 5.0 --distillation-config.temperature 1.5 --trainer-config.early-stop-patience 100 --slurm-config.mode run
[11:27:31] (75/413) -> galaxy job=245171 :: carbon-raw-original --task-names H4K20me1 --distillation-config.weight-ce 0.5 --distillation-config.weight-kl 0.25 --distillation-config.weight-mse 5.0 --distillation-config.temperature 2.0 --trainer-config.early-stop-patience 100 --slurm-config.mode run
[11:27:36] (76/413) -> laniakea job=245174 :: carbon-raw-original --task-names H4K20me1 --distillation-config.weight-ce 0.5 --distillation-config.weight-kl 0.25 --distillation-config.weight-mse 5.0 --distillation-config.temperature 4.0 --trainer-config.early-stop-patience 100 --slurm-config.mode run
[11:31:42] (77/413) -> laniakea job=245177 :: carbon-raw-original --task-names H4K20me1 --distillation-config.weight-ce 0.5 --distillation-config.weight-kl 0.5 --distillation-config.weight-mse 2.0 --distillation-config.temperature 0.5 --trainer-config.early-stop-patience 100 --slurm-config.mode run
[11:35:47] (78/413) -> galaxy job=245179 :: carbon-raw-original --task-names H4K20me1 --distillation-config.weight-ce 0.5 --distillation-config.weight-kl 0.5 --distillation-config.weight-mse 2.0 --distillation-config.temperature 1.0 --trainer-config.early-stop-patience 100 --slurm-config.mode run
[11:37:52] (79/413) -> voyager job=245182 :: carbon-raw-original --task-names H4K20me1 --distillation-config.weight-ce 0.5 --distillation-config.weight-kl 0.5 --distillation-config.weight-mse 2.0 --distillation-config.temperature 1.5 --trainer-config.early-stop-patience 100 --slurm-config.mode run
[11:41:58] (80/413) -> galaxy job=245184 :: carbon-raw-original --task-names H4K20me1 --distillation-config.weight-ce 0.5 --distillation-config.weight-kl 0.5 --distillation-config.weight-mse 2.0 --distillation-config.temperature 2.0 --trainer-config.early-stop-patience 100 --slurm-config.mode run
[11:50:04] (81/413) -> laniakea job=245187 :: carbon-raw-original --task-names H4K20me1 --distillation-config.weight-ce 0.5 --distillation-config.weight-kl 0.5 --distillation-config.weight-mse 2.0 --distillation-config.temperature 4.0 --trainer-config.early-stop-patience 100 --slurm-config.mode run
[11:52:09] (82/413) -> laniakea job=245191 :: carbon-raw-original --task-names H4K20me1 --distillation-config.weight-ce 0.5 --distillation-config.weight-kl 0.5 --distillation-config.weight-mse 5.0 --distillation-config.temperature 0.5 --trainer-config.early-stop-patience 100 --slurm-config.mode run
[11:52:14] (83/413) -> voyager job=245194 :: carbon-raw-original --task-names H4K20me1 --distillation-config.weight-ce 0.5 --distillation-config.weight-kl 0.5 --distillation-config.weight-mse 5.0 --distillation-config.temperature 1.0 --trainer-config.early-stop-patience 100 --slurm-config.mode run
[11:52:19] (84/413) -> galaxy job=245196 :: carbon-raw-original --task-names H4K20me1 --distillation-config.weight-ce 0.5 --distillation-config.weight-kl 0.5 --distillation-config.weight-mse 5.0 --distillation-config.temperature 1.5 --trainer-config.early-stop-patience 100 --slurm-config.mode run
[11:54:25] (85/413) -> laniakea job=245197 :: carbon-raw-original --task-names H4K20me1 --distillation-config.weight-ce 0.5 --distillation-config.weight-kl 0.5 --distillation-config.weight-mse 5.0 --distillation-config.temperature 2.0 --trainer-config.early-stop-patience 100 --slurm-config.mode run
[12:00:31] (86/413) -> galaxy job=245199 :: carbon-raw-original --task-names H4K20me1 --distillation-config.weight-ce 0.5 --distillation-config.weight-kl 0.5 --distillation-config.weight-mse 5.0 --distillation-config.temperature 4.0 --trainer-config.early-stop-patience 100 --slurm-config.mode run
[12:10:38] (87/413) -> voyager job=245203 :: carbon-raw-original --task-names H4K20me1 --distillation-config.weight-ce 0.5 --distillation-config.weight-kl 1.0 --distillation-config.weight-mse 2.0 --distillation-config.temperature 0.5 --trainer-config.early-stop-patience 100 --slurm-config.mode run
[12:14:43] (88/413) -> voyager job=245204 :: carbon-raw-original --task-names H4K20me1 --distillation-config.weight-ce 0.5 --distillation-config.weight-kl 1.0 --distillation-config.weight-mse 2.0 --distillation-config.temperature 1.0 --trainer-config.early-stop-patience 100 --slurm-config.mode run
[12:14:48] (89/413) -> galaxy job=245206 :: carbon-raw-original --task-names H4K20me1 --distillation-config.weight-ce 0.5 --distillation-config.weight-kl 1.0 --distillation-config.weight-mse 2.0 --distillation-config.temperature 1.5 --trainer-config.early-stop-patience 100 --slurm-config.mode run
[12:16:54] (90/413) -> laniakea job=245208 :: carbon-raw-original --task-names H4K20me1 --distillation-config.weight-ce 0.5 --distillation-config.weight-kl 1.0 --distillation-config.weight-mse 2.0 --distillation-config.temperature 2.0 --trainer-config.early-stop-patience 100 --slurm-config.mode run
[12:18:59] (91/413) -> laniakea job=245210 :: carbon-raw-original --task-names H4K20me1 --distillation-config.weight-ce 0.5 --distillation-config.weight-kl 1.0 --distillation-config.weight-mse 2.0 --distillation-config.temperature 4.0 --trainer-config.early-stop-patience 100 --slurm-config.mode run
[12:21:04] (92/413) -> laniakea job=245213 :: carbon-raw-original --task-names H4K20me1 --distillation-config.weight-ce 0.5 --distillation-config.weight-kl 1.0 --distillation-config.weight-mse 5.0 --distillation-config.temperature 0.5 --trainer-config.early-stop-patience 100 --slurm-config.mode run
[12:21:10] (93/413) -> galaxy job=245215 :: carbon-raw-original --task-names H4K20me1 --distillation-config.weight-ce 0.5 --distillation-config.weight-kl 1.0 --distillation-config.weight-mse 5.0 --distillation-config.temperature 1.0 --trainer-config.early-stop-patience 100 --slurm-config.mode run
[12:23:15] (94/413) -> galaxy job=245217 :: carbon-raw-original --task-names H4K20me1 --distillation-config.weight-ce 0.5 --distillation-config.weight-kl 1.0 --distillation-config.weight-mse 5.0 --distillation-config.temperature 1.5 --trainer-config.early-stop-patience 100 --slurm-config.mode run
[12:25:21] (95/413) -> voyager job=245219 :: carbon-raw-original --task-names H4K20me1 --distillation-config.weight-ce 0.5 --distillation-config.weight-kl 1.0 --distillation-config.weight-mse 5.0 --distillation-config.temperature 2.0 --trainer-config.early-stop-patience 100 --slurm-config.mode run
[12:27:26] (96/413) -> voyager job=245220 :: carbon-raw-original --task-names H4K20me1 --distillation-config.weight-ce 0.5 --distillation-config.weight-kl 1.0 --distillation-config.weight-mse 5.0 --distillation-config.temperature 4.0 --trainer-config.early-stop-patience 100 --slurm-config.mode run
[12:29:31] (97/413) -> voyager job=245222 :: carbon-raw-original --task-names H3K27ac --distillation-config.weight-ce 0.5 --distillation-config.weight-kl 0.25 --distillation-config.weight-mse 5.0 --distillation-config.temperature 4.0 --trainer-config.early-stop-patience 100 --slurm-config.mode run
[12:35:37] (98/413) -> galaxy job=245225 :: carbon-raw-original --task-names H3K27ac --distillation-config.weight-ce 0.5 --distillation-config.weight-kl 0.5 --distillation-config.weight-mse 2.0 --distillation-config.temperature 0.5 --trainer-config.early-stop-patience 100 --slurm-config.mode run
[12:41:43] (99/413) -> laniakea job=245226 :: carbon-raw-original --task-names H3K27ac --distillation-config.weight-ce 0.5 --distillation-config.weight-kl 0.5 --distillation-config.weight-mse 2.0 --distillation-config.temperature 1.0 --trainer-config.early-stop-patience 100 --slurm-config.mode run
[12:41:48] (100/413) -> voyager job=245228 :: carbon-raw-original --task-names H3K27ac --distillation-config.weight-ce 0.5 --distillation-config.weight-kl 0.5 --distillation-config.weight-mse 2.0 --distillation-config.temperature 1.5 --trainer-config.early-stop-patience 100 --slurm-config.mode run
[12:43:53] (101/413) -> galaxy job=245231 :: carbon-raw-original --task-names H3K27ac --distillation-config.weight-ce 0.5 --distillation-config.weight-kl 0.5 --distillation-config.weight-mse 2.0 --distillation-config.temperature 2.0 --trainer-config.early-stop-patience 100 --slurm-config.mode run
[12:43:59] (102/413) -> voyager job=245233 :: carbon-raw-original --task-names H3K27ac --distillation-config.weight-ce 0.5 --distillation-config.weight-kl 0.5 --distillation-config.weight-mse 2.0 --distillation-config.temperature 4.0 --trainer-config.early-stop-patience 100 --slurm-config.mode run
[12:44:04] (103/413) -> laniakea job=245235 :: carbon-raw-original --task-names H3K27ac --distillation-config.weight-ce 0.5 --distillation-config.weight-kl 0.5 --distillation-config.weight-mse 5.0 --distillation-config.temperature 0.5 --trainer-config.early-stop-patience 100 --slurm-config.mode run
[12:46:09] (104/413) -> voyager job=245236 :: carbon-raw-original --task-names H3K27ac --distillation-config.weight-ce 0.5 --distillation-config.weight-kl 0.5 --distillation-config.weight-mse 5.0 --distillation-config.temperature 1.0 --trainer-config.early-stop-patience 100 --slurm-config.mode run
[12:46:14] (105/413) -> galaxy job=245238 :: carbon-raw-original --task-names H3K27ac --distillation-config.weight-ce 0.5 --distillation-config.weight-kl 0.5 --distillation-config.weight-mse 5.0 --distillation-config.temperature 1.5 --trainer-config.early-stop-patience 100 --slurm-config.mode run
[12:54:21] (106/413) -> laniakea job=245240 :: carbon-raw-original --task-names H3K27ac --distillation-config.weight-ce 0.5 --distillation-config.weight-kl 0.5 --distillation-config.weight-mse 5.0 --distillation-config.temperature 2.0 --trainer-config.early-stop-patience 100 --slurm-config.mode run
[12:56:26] (107/413) -> voyager job=245243 :: carbon-raw-original --task-names H3K27ac --distillation-config.weight-ce 0.5 --distillation-config.weight-kl 0.5 --distillation-config.weight-mse 5.0 --distillation-config.temperature 4.0 --trainer-config.early-stop-patience 100 --slurm-config.mode run
[13:00:32] (108/413) -> voyager job=245245 :: carbon-raw-original --task-names H3K27ac --distillation-config.weight-ce 0.5 --distillation-config.weight-kl 1.0 --distillation-config.weight-mse 2.0 --distillation-config.temperature 0.5 --trainer-config.early-stop-patience 100 --slurm-config.mode run
[13:02:37] (109/413) -> voyager job=245247 :: carbon-raw-original --task-names H3K27ac --distillation-config.weight-ce 0.5 --distillation-config.weight-kl 1.0 --distillation-config.weight-mse 2.0 --distillation-config.temperature 1.0 --trainer-config.early-stop-patience 100 --slurm-config.mode run
[13:02:42] (110/413) -> galaxy job=245249 :: carbon-raw-original --task-names H3K27ac --distillation-config.weight-ce 0.5 --distillation-config.weight-kl 1.0 --distillation-config.weight-mse 2.0 --distillation-config.temperature 1.5 --trainer-config.early-stop-patience 100 --slurm-config.mode run
[13:04:48] (111/413) -> laniakea job=245250 :: carbon-raw-original --task-names H3K27ac --distillation-config.weight-ce 0.5 --distillation-config.weight-kl 1.0 --distillation-config.weight-mse 2.0 --distillation-config.temperature 2.0 --trainer-config.early-stop-patience 100 --slurm-config.mode run
[13:04:53] (112/413) -> galaxy job=245253 :: carbon-raw-original --task-names H3K27ac --distillation-config.weight-ce 0.5 --distillation-config.weight-kl 1.0 --distillation-config.weight-mse 2.0 --distillation-config.temperature 4.0 --trainer-config.early-stop-patience 100 --slurm-config.mode run
[13:06:58] (113/413) -> laniakea job=245255 :: carbon-raw-original --task-names H3K27ac --distillation-config.weight-ce 0.5 --distillation-config.weight-kl 1.0 --distillation-config.weight-mse 5.0 --distillation-config.temperature 0.5 --trainer-config.early-stop-patience 100 --slurm-config.mode run
[13:09:03] (114/413) -> galaxy job=245256 :: carbon-raw-original --task-names H3K27ac --distillation-config.weight-ce 0.5 --distillation-config.weight-kl 1.0 --distillation-config.weight-mse 5.0 --distillation-config.temperature 1.0 --trainer-config.early-stop-patience 100 --slurm-config.mode run
[13:11:09] (115/413) -> galaxy job=245259 :: carbon-raw-original --task-names H3K27ac --distillation-config.weight-ce 0.5 --distillation-config.weight-kl 1.0 --distillation-config.weight-mse 5.0 --distillation-config.temperature 1.5 --trainer-config.early-stop-patience 100 --slurm-config.mode run
[13:13:14] (116/413) -> voyager job=245261 :: carbon-raw-original --task-names H3K27ac --distillation-config.weight-ce 0.5 --distillation-config.weight-kl 1.0 --distillation-config.weight-mse 5.0 --distillation-config.temperature 2.0 --trainer-config.early-stop-patience 100 --slurm-config.mode run
[13:15:19] (117/413) -> voyager job=245262 :: carbon-raw-original --task-names H3K27ac --distillation-config.weight-ce 0.5 --distillation-config.weight-kl 1.0 --distillation-config.weight-mse 5.0 --distillation-config.temperature 4.0 --trainer-config.early-stop-patience 100 --slurm-config.mode run
[13:19:25] (118/413) -> voyager job=245264 :: carbon-raw-original --task-names H3K4me1 --distillation-config.weight-ce 0.5 --distillation-config.weight-kl 0.0 --distillation-config.weight-mse 2.0 --distillation-config.temperature 0.5 --trainer-config.early-stop-patience 100 --slurm-config.mode run
[13:25:31] (119/413) -> laniakea job=245268 :: carbon-raw-original --task-names H3K4me1 --distillation-config.weight-ce 0.5 --distillation-config.weight-kl 0.0 --distillation-config.weight-mse 5.0 --distillation-config.temperature 0.5 --trainer-config.early-stop-patience 100 --slurm-config.mode run
[13:29:36] (120/413) -> galaxy job=245272 :: carbon-raw-original --task-names H3K4me1 --distillation-config.weight-ce 0.5 --distillation-config.weight-kl 0.25 --distillation-config.weight-mse 2.0 --distillation-config.temperature 0.5 --trainer-config.early-stop-patience 100 --slurm-config.mode run
[13:31:42] (121/413) -> voyager job=245275 :: carbon-raw-original --task-names H3K4me1 --distillation-config.weight-ce 0.5 --distillation-config.weight-kl 0.25 --distillation-config.weight-mse 2.0 --distillation-config.temperature 1.0 --trainer-config.early-stop-patience 100 --slurm-config.mode run
[13:35:47] (122/413) -> galaxy job=245278 :: carbon-raw-original --task-names H3K4me1 --distillation-config.weight-ce 0.5 --distillation-config.weight-kl 0.25 --distillation-config.weight-mse 2.0 --distillation-config.temperature 1.5 --trainer-config.early-stop-patience 100 --slurm-config.mode run
[13:41:53] (123/413) -> voyager job=245280 :: carbon-raw-original --task-names H3K4me1 --distillation-config.weight-ce 0.5 --distillation-config.weight-kl 0.25 --distillation-config.weight-mse 2.0 --distillation-config.temperature 2.0 --trainer-config.early-stop-patience 100 --slurm-config.mode run
[13:45:59] (124/413) -> voyager job=245284 :: carbon-raw-original --task-names H3K4me1 --distillation-config.weight-ce 0.5 --distillation-config.weight-kl 0.25 --distillation-config.weight-mse 2.0 --distillation-config.temperature 4.0 --trainer-config.early-stop-patience 100 --slurm-config.mode run
[13:48:05] (125/413) -> laniakea job=245286 :: carbon-raw-original --task-names H3K4me1 --distillation-config.weight-ce 0.5 --distillation-config.weight-kl 0.25 --distillation-config.weight-mse 5.0 --distillation-config.temperature 0.5 --trainer-config.early-stop-patience 100 --slurm-config.mode run
[13:52:10] (126/413) -> galaxy job=245289 :: carbon-raw-original --task-names H3K4me1 --distillation-config.weight-ce 0.5 --distillation-config.weight-kl 0.25 --distillation-config.weight-mse 5.0 --distillation-config.temperature 1.0 --trainer-config.early-stop-patience 100 --slurm-config.mode run
[13:58:16] (127/413) -> laniakea job=245293 :: carbon-raw-original --task-names H3K4me1 --distillation-config.weight-ce 0.5 --distillation-config.weight-kl 0.25 --distillation-config.weight-mse 5.0 --distillation-config.temperature 1.5 --trainer-config.early-stop-patience 100 --slurm-config.mode run
[14:04:22] (128/413) -> voyager job=245297 :: carbon-raw-original --task-names H3K4me1 --distillation-config.weight-ce 0.5 --distillation-config.weight-kl 0.25 --distillation-config.weight-mse 5.0 --distillation-config.temperature 2.0 --trainer-config.early-stop-patience 100 --slurm-config.mode run
[14:04:27] (129/413) -> galaxy job=245300 :: carbon-raw-original --task-names H3K4me1 --distillation-config.weight-ce 0.5 --distillation-config.weight-kl 0.25 --distillation-config.weight-mse 5.0 --distillation-config.temperature 4.0 --trainer-config.early-stop-patience 100 --slurm-config.mode run
[14:10:33] (130/413) -> laniakea job=245302 :: carbon-raw-original --task-names H3K4me1 --distillation-config.weight-ce 0.5 --distillation-config.weight-kl 0.5 --distillation-config.weight-mse 2.0 --distillation-config.temperature 0.5 --trainer-config.early-stop-patience 100 --slurm-config.mode run
[14:12:39] (131/413) -> galaxy job=245306 :: carbon-raw-original --task-names H3K4me1 --distillation-config.weight-ce 0.5 --distillation-config.weight-kl 0.5 --distillation-config.weight-mse 2.0 --distillation-config.temperature 1.0 --trainer-config.early-stop-patience 100 --slurm-config.mode run
[14:14:44] (132/413) -> voyager job=245309 :: carbon-raw-original --task-names H3K4me1 --distillation-config.weight-ce 0.5 --distillation-config.weight-kl 0.5 --distillation-config.weight-mse 2.0 --distillation-config.temperature 1.5 --trainer-config.early-stop-patience 100 --slurm-config.mode run
[14:18:50] (133/413) -> laniakea job=245312 :: carbon-raw-original --task-names H3K4me1 --distillation-config.weight-ce 0.5 --distillation-config.weight-kl 0.5 --distillation-config.weight-mse 2.0 --distillation-config.temperature 2.0 --trainer-config.early-stop-patience 100 --slurm-config.mode run
[14:18:55] (134/413) -> galaxy job=245315 :: carbon-raw-original --task-names H3K4me1 --distillation-config.weight-ce 0.5 --distillation-config.weight-kl 0.5 --distillation-config.weight-mse 2.0 --distillation-config.temperature 4.0 --trainer-config.early-stop-patience 100 --slurm-config.mode run
                                                                                                                                                                                                                                                                                                                                                                                                                                                                                                                                                                                                                                                                                                                                                                                                                                                                                                                                                                                                                                                                                                                                                                                                                                                                                                                                                                                                                                                                                                                                                                                                                                                                                                                                                                                                                                                                                                                                                                                                                                                                                                                                                                                                                                                                                                                                                                                                                                                                                                                                                                                                                                                                                                                                                                                                                                                                                                                                                                                                                                                                                                                                                                                                                                                                                                                                                                                                                                                                                                                                                                                                                                                                                                                                                                                                                                                                                                                                                                                                                                                                                                                                                                                                                                                                                                                                                                                                                                                                                                                                                                                                                                                                                                                                                                                                                                                                                                                                                                                                                                                                                                                                                                                                                                                                                                                                                                                                                                                                                                                                                                                                                                                                                                                                                                                                                                                                                                                                                                                                                                                                                                                                                                                                                                                                                                                                                                                                                                                                                                                                                                                                                                                                                                                                                                                                                                                                                                                                                                                                                                                                                                                                                                                                                                                                                                                                                                                                                                                                                                                                                                                                                                                                                                                                                                                                                                                                                                                                                                                                                                                                                                                                                                                                                                                                                                                                                                                                                                                                                                                                                                                                                                                                                                                                                                                                                                                                                                                                                                                                                                                                                                                                                                                                                                                                                                                                                                                                                                                                                                                                                                                                                                                                                                                                                                                                                                                                                                                                                                                                                                                                                                                                                                                                                                                                                                                                                                                                                                                                                                                                                                                                                                                                                                                                                                                                                                                                                                                                                                                                                                                                                                                                                                                                                                                                                                                                                                                                                                                                                                                                                                                                                                                                                                                                                                                                                                                                                                                                                                                                                                                                                                                                                                                                                                                                                                                                                                                                                                                                                                                                                                                                                                                                                                                                               write error: Disk quota exceeded
[14:30:15] (243/413) -> laniakea job=245562 :: carbon-raw-original --task-names H3K9ac --distillation-config.weight-ce 0.5 --distillation-config.weight-kl 1.0 --distillation-config.weight-mse 5.0 --distillation-config.temperature 1.5 --trainer-config.early-stop-patience 100 --slurm-config.mode run
[14:30:20] (244/413) -> laniakea job=245563 :: carbon-raw-original --task-names H3K9ac --distillation-config.weight-ce 0.5 --distillation-config.weight-kl 1.0 --distillation-config.weight-mse 5.0 --distillation-config.temperature 2.0 --trainer-config.early-stop-patience 100 --slurm-config.mode run
[14:30:25] (245/413) -> voyager job=245564 :: carbon-raw-original --task-names H3K9ac --distillation-config.weight-ce 0.5 --distillation-config.weight-kl 1.0 --distillation-config.weight-mse 5.0 --distillation-config.temperature 4.0 --trainer-config.early-stop-patience 100 --slurm-config.mode run
                                                                                                                                                                                                                                                                                                                                                                                                                                                                                                                                                                                                                                                                                                                                                                                                                                                                                                                                                                                                                                                                                                                                                                                                                                                                                                                                                                                                                                                                                                                                                                                                                                                                                                                                                                                                                                                                                                                                                                                                                                                                                                                                                                                                                                                                                                                                                                                                                                                                                                                                                                                                                                                                                                                                                                                                                                                                                                                                                                                                                                                                                                                                                                                                                                                                                                                                                                                                                                                                                                                                                                                                                                                                                                                                                                                                                                                                                                                                                                                                                                                                                                                                                                                                                                                                                                                                                                                                                                                                                                                                                                                                                                                                                                                                                                                                                                                                                                                                                                                                                                                                                                                                                                                                                                                                                                                                                                                                                                                                                                                                                                                                                                                                                                                                                                                                                                                                                                                                                                                                                                                                                                                                                                                                                                                                                                                                                                                                                                                                                                                                                                                                                                                                                                                                                                                                                                                                                                                                                                                                                                                                                                                                                                                                                                                                                                                                                                                                                                                                                                                                                                                                                                                                                                                                                                                                                                                                                                                                                                                                                                                                                                                                                                                                                                                                                                                                                                                                                                                                                                                                                                                                                                                                                                                                                                                                                                                                                                                                                                                                                                                                                                                                                                                                                                                                                                                                                                                                                                                                                                                                                                                                                                                                                                                                                                                                                                                                                                                                                                                                                                                                                                                                                                                                                                                                                                                                                                                                                                                                                                                                                                                                                                                                                                                                                                                                                                                                                                                                                                                                                                                                                                                                                                                                                                                                                                                                                                                                                                                                                                                                                                                                                                                                                                                                                                                                                                                                                                                                                                                                                                                                                                                                                                                                                                                                                                                                                                                                                                                                                                                                                                                                                                      write error: Disk quota exceeded
[14:38:47] (343/413) -> laniakea job=245662 :: carbon-raw-original --task-names promoter_no_tata --distillation-config.weight-ce 0.5 --distillation-config.weight-kl 0.0 --distillation-config.weight-mse 5.0 --distillation-config.temperature 0.5 --trainer-config.early-stop-patience 100 --slurm-config.mode run
[14:38:52] (344/413) -> laniakea job=245663 :: carbon-raw-original --task-names promoter_no_tata --distillation-config.weight-ce 0.5 --distillation-config.weight-kl 0.25 --distillation-config.weight-mse 2.0 --distillation-config.temperature 0.5 --trainer-config.early-stop-patience 100 --slurm-config.mode run
[14:38:57] (345/413) -> voyager job=245664 :: carbon-raw-original --task-names promoter_no_tata --distillation-config.weight-ce 0.5 --distillation-config.weight-kl 0.25 --distillation-config.weight-mse 2.0 --distillation-config.temperature 1.0 --trainer-config.early-stop-patience 100 --slurm-config.mode run
[14:39:02] (346/413) -> voyager job=245665 :: carbon-raw-original --task-names promoter_no_tata --distillation-config.weight-ce 0.5 --distillation-config.weight-kl 0.25 --distillation-config.weight-mse 2.0 --distillation-config.temperature 1.5 --trainer-config.early-stop-patience 100 --slurm-config.mode run
[14:39:08] (347/413) -> voyager job=245666 :: carbon-raw-original --task-names promoter_no_tata --distillation-config.weight-ce 0.5 --distillation-config.weight-kl 0.25 --distillation-config.weight-mse 2.0 --distillation-config.temperature 2.0 --trainer-config.early-stop-patience 100 --slurm-config.mode run
[14:39:14] (348/413) -> voyager job=245667 :: carbon-raw-original --task-names promoter_no_tata --distillation-config.weight-ce 0.5 --distillation-config.weight-kl 0.25 --distillation-config.weight-mse 2.0 --distillation-config.temperature 4.0 --trainer-config.early-stop-patience 100 --slurm-config.mode run
[14:39:19] (349/413) -> galaxy job=245668 :: carbon-raw-original --task-names promoter_no_tata --distillation-config.weight-ce 0.5 --distillation-config.weight-kl 0.25 --distillation-config.weight-mse 5.0 --distillation-config.temperature 0.5 --trainer-config.early-stop-patience 100 --slurm-config.mode run
[14:39:24] (350/413) -> galaxy job=245670 :: carbon-raw-original --task-names promoter_no_tata --distillation-config.weight-ce 0.5 --distillation-config.weight-kl 0.25 --distillation-config.weight-mse 5.0 --distillation-config.temperature 1.0 --trainer-config.early-stop-patience 100 --slurm-config.mode run
[14:39:29] (351/413) -> galaxy job=245671 :: carbon-raw-original --task-names promoter_no_tata --distillation-config.weight-ce 0.5 --distillation-config.weight-kl 0.25 --distillation-config.weight-mse 5.0 --distillation-config.temperature 1.5 --trainer-config.early-stop-patience 100 --slurm-config.mode run
[14:39:35] (352/413) -> galaxy job=245672 :: carbon-raw-original --task-names promoter_no_tata --distillation-config.weight-ce 0.5 --distillation-config.weight-kl 0.25 --distillation-config.weight-mse 5.0 --distillation-config.temperature 2.0 --trainer-config.early-stop-patience 100 --slurm-config.mode run
[14:41:40] (353/413) -> laniakea job=245673 :: carbon-raw-original --task-names promoter_no_tata --distillation-config.weight-ce 0.5 --distillation-config.weight-kl 0.25 --distillation-config.weight-mse 5.0 --distillation-config.temperature 4.0 --trainer-config.early-stop-patience 100 --slurm-config.mode run
[14:53:47] (354/413) -> voyager job=245674 :: carbon-raw-original --task-names promoter_no_tata --distillation-config.weight-ce 0.5 --distillation-config.weight-kl 0.5 --distillation-config.weight-mse 2.0 --distillation-config.temperature 0.5 --trainer-config.early-stop-patience 100 --slurm-config.mode run
[14:53:52] (355/413) -> voyager job=245675 :: carbon-raw-original --task-names promoter_no_tata --distillation-config.weight-ce 0.5 --distillation-config.weight-kl 0.5 --distillation-config.weight-mse 2.0 --distillation-config.temperature 1.0 --trainer-config.early-stop-patience 100 --slurm-config.mode run
[14:53:57] (356/413) -> voyager job=245676 :: carbon-raw-original --task-names promoter_no_tata --distillation-config.weight-ce 0.5 --distillation-config.weight-kl 0.5 --distillation-config.weight-mse 2.0 --distillation-config.temperature 1.5 --trainer-config.early-stop-patience 100 --slurm-config.mode run
[15:00:03] (357/413) -> laniakea job=245677 :: carbon-raw-original --task-names promoter_no_tata --distillation-config.weight-ce 0.5 --distillation-config.weight-kl 0.5 --distillation-config.weight-mse 2.0 --distillation-config.temperature 2.0 --trainer-config.early-stop-patience 100 --slurm-config.mode run
[15:00:08] (358/413) -> laniakea job=245678 :: carbon-raw-original --task-names promoter_no_tata --distillation-config.weight-ce 0.5 --distillation-config.weight-kl 0.5 --distillation-config.weight-mse 2.0 --distillation-config.temperature 4.0 --trainer-config.early-stop-patience 100 --slurm-config.mode run
[15:00:13] (359/413) -> galaxy job=245679 :: carbon-raw-original --task-names promoter_no_tata --distillation-config.weight-ce 0.5 --distillation-config.weight-kl 0.5 --distillation-config.weight-mse 5.0 --distillation-config.temperature 0.5 --trainer-config.early-stop-patience 100 --slurm-config.mode run
[15:02:19] (360/413) -> galaxy job=245680 :: carbon-raw-original --task-names promoter_no_tata --distillation-config.weight-ce 0.5 --distillation-config.weight-kl 0.5 --distillation-config.weight-mse 5.0 --distillation-config.temperature 1.0 --trainer-config.early-stop-patience 100 --slurm-config.mode run
[15:04:24] (361/413) -> laniakea job=245681 :: carbon-raw-original --task-names promoter_no_tata --distillation-config.weight-ce 0.5 --distillation-config.weight-kl 0.5 --distillation-config.weight-mse 5.0 --distillation-config.temperature 1.5 --trainer-config.early-stop-patience 100 --slurm-config.mode run
[15:06:29] (362/413) -> laniakea job=245682 :: carbon-raw-original --task-names promoter_no_tata --distillation-config.weight-ce 0.5 --distillation-config.weight-kl 0.5 --distillation-config.weight-mse 5.0 --distillation-config.temperature 2.0 --trainer-config.early-stop-patience 100 --slurm-config.mode run
[15:08:35] (363/413) -> voyager job=245683 :: carbon-raw-original --task-names promoter_no_tata --distillation-config.weight-ce 0.5 --distillation-config.weight-kl 0.5 --distillation-config.weight-mse 5.0 --distillation-config.temperature 4.0 --trainer-config.early-stop-patience 100 --slurm-config.mode run
[15:08:40] (364/413) -> voyager job=245684 :: carbon-raw-original --task-names promoter_no_tata --distillation-config.weight-ce 0.5 --distillation-config.weight-kl 1.0 --distillation-config.weight-mse 2.0 --distillation-config.temperature 0.5 --trainer-config.early-stop-patience 100 --slurm-config.mode run
[15:08:45] (365/413) -> voyager job=245685 :: carbon-raw-original --task-names promoter_no_tata --distillation-config.weight-ce 0.5 --distillation-config.weight-kl 1.0 --distillation-config.weight-mse 2.0 --distillation-config.temperature 1.0 --trainer-config.early-stop-patience 100 --slurm-config.mode run
[15:16:51] (366/413) -> galaxy job=245686 :: carbon-raw-original --task-names promoter_no_tata --distillation-config.weight-ce 0.5 --distillation-config.weight-kl 1.0 --distillation-config.weight-mse 2.0 --distillation-config.temperature 1.5 --trainer-config.early-stop-patience 100 --slurm-config.mode run
[15:22:57] (367/413) -> laniakea job=245687 :: carbon-raw-original --task-names promoter_no_tata --distillation-config.weight-ce 0.5 --distillation-config.weight-kl 1.0 --distillation-config.weight-mse 2.0 --distillation-config.temperature 2.0 --trainer-config.early-stop-patience 100 --slurm-config.mode run
[15:23:02] (368/413) -> laniakea job=245688 :: carbon-raw-original --task-names promoter_no_tata --distillation-config.weight-ce 0.5 --distillation-config.weight-kl 1.0 --distillation-config.weight-mse 2.0 --distillation-config.temperature 4.0 --trainer-config.early-stop-patience 100 --slurm-config.mode run
[15:23:07] (369/413) -> voyager job=245689 :: carbon-raw-original --task-names promoter_no_tata --distillation-config.weight-ce 0.5 --distillation-config.weight-kl 1.0 --distillation-config.weight-mse 5.0 --distillation-config.temperature 0.5 --trainer-config.early-stop-patience 100 --slurm-config.mode run
[15:23:12] (370/413) -> voyager job=245690 :: carbon-raw-original --task-names promoter_no_tata --distillation-config.weight-ce 0.5 --distillation-config.weight-kl 1.0 --distillation-config.weight-mse 5.0 --distillation-config.temperature 1.0 --trainer-config.early-stop-patience 100 --slurm-config.mode run
[15:23:17] (371/413) -> voyager job=245691 :: carbon-raw-original --task-names promoter_no_tata --distillation-config.weight-ce 0.5 --distillation-config.weight-kl 1.0 --distillation-config.weight-mse 5.0 --distillation-config.temperature 1.5 --trainer-config.early-stop-patience 100 --slurm-config.mode run
[15:23:23] (372/413) -> galaxy job=245692 :: carbon-raw-original --task-names promoter_no_tata --distillation-config.weight-ce 0.5 --distillation-config.weight-kl 1.0 --distillation-config.weight-mse 5.0 --distillation-config.temperature 2.0 --trainer-config.early-stop-patience 100 --slurm-config.mode run
[15:23:28] (373/413) -> galaxy job=245693 :: carbon-raw-original --task-names promoter_no_tata --distillation-config.weight-ce 0.5 --distillation-config.weight-kl 1.0 --distillation-config.weight-mse 5.0 --distillation-config.temperature 4.0 --trainer-config.early-stop-patience 100 --slurm-config.mode run
[15:27:34] (374/413) -> laniakea job=245694 :: carbon-raw-original --task-names enhancers --distillation-config.weight-ce 0.5 --distillation-config.weight-kl 0.0 --distillation-config.weight-mse 2.0 --distillation-config.temperature 0.5 --trainer-config.early-stop-patience 100 --slurm-config.mode run
[15:35:40] (375/413) -> laniakea job=245697 :: carbon-raw-original --task-names enhancers --distillation-config.weight-ce 0.5 --distillation-config.weight-kl 0.0 --distillation-config.weight-mse 5.0 --distillation-config.temperature 0.5 --trainer-config.early-stop-patience 100 --slurm-config.mode run
[15:37:45] (376/413) -> voyager job=245698 :: carbon-raw-original --task-names enhancers --distillation-config.weight-ce 0.5 --distillation-config.weight-kl 0.25 --distillation-config.weight-mse 2.0 --distillation-config.temperature 0.5 --trainer-config.early-stop-patience 100 --slurm-config.mode run
[15:37:50] (377/413) -> voyager job=245699 :: carbon-raw-original --task-names enhancers --distillation-config.weight-ce 0.5 --distillation-config.weight-kl 0.25 --distillation-config.weight-mse 2.0 --distillation-config.temperature 1.0 --trainer-config.early-stop-patience 100 --slurm-config.mode run
[15:37:55] (378/413) -> voyager job=245700 :: carbon-raw-original --task-names enhancers --distillation-config.weight-ce 0.5 --distillation-config.weight-kl 0.25 --distillation-config.weight-mse 2.0 --distillation-config.temperature 1.5 --trainer-config.early-stop-patience 100 --slurm-config.mode run
[15:44:01] (379/413) -> galaxy job=245701 :: carbon-raw-original --task-names enhancers --distillation-config.weight-ce 0.5 --distillation-config.weight-kl 0.25 --distillation-config.weight-mse 2.0 --distillation-config.temperature 2.0 --trainer-config.early-stop-patience 100 --slurm-config.mode run
[15:46:06] (380/413) -> laniakea job=245702 :: carbon-raw-original --task-names enhancers --distillation-config.weight-ce 0.5 --distillation-config.weight-kl 0.25 --distillation-config.weight-mse 2.0 --distillation-config.temperature 4.0 --trainer-config.early-stop-patience 100 --slurm-config.mode run
[15:46:11] (381/413) -> galaxy job=245703 :: carbon-raw-original --task-names enhancers --distillation-config.weight-ce 0.5 --distillation-config.weight-kl 0.25 --distillation-config.weight-mse 5.0 --distillation-config.temperature 0.5 --trainer-config.early-stop-patience 100 --slurm-config.mode run
[15:48:17] (382/413) -> laniakea job=245704 :: carbon-raw-original --task-names enhancers --distillation-config.weight-ce 0.5 --distillation-config.weight-kl 0.25 --distillation-config.weight-mse 5.0 --distillation-config.temperature 1.0 --trainer-config.early-stop-patience 100 --slurm-config.mode run
[15:50:22] (383/413) -> laniakea job=245705 :: carbon-raw-original --task-names enhancers --distillation-config.weight-ce 0.5 --distillation-config.weight-kl 0.25 --distillation-config.weight-mse 5.0 --distillation-config.temperature 1.5 --trainer-config.early-stop-patience 100 --slurm-config.mode run
[15:52:28] (384/413) -> voyager job=245706 :: carbon-raw-original --task-names enhancers --distillation-config.weight-ce 0.5 --distillation-config.weight-kl 0.25 --distillation-config.weight-mse 5.0 --distillation-config.temperature 2.0 --trainer-config.early-stop-patience 100 --slurm-config.mode run
[15:54:33] (385/413) -> voyager job=245707 :: carbon-raw-original --task-names enhancers --distillation-config.weight-ce 0.5 --distillation-config.weight-kl 0.25 --distillation-config.weight-mse 5.0 --distillation-config.temperature 4.0 --trainer-config.early-stop-patience 100 --slurm-config.mode run
[15:54:38] (386/413) -> voyager job=245708 :: carbon-raw-original --task-names enhancers --distillation-config.weight-ce 0.5 --distillation-config.weight-kl 0.5 --distillation-config.weight-mse 2.0 --distillation-config.temperature 0.5 --trainer-config.early-stop-patience 100 --slurm-config.mode run
[15:54:43] (387/413) -> galaxy job=245709 :: carbon-raw-original --task-names enhancers --distillation-config.weight-ce 0.5 --distillation-config.weight-kl 0.5 --distillation-config.weight-mse 2.0 --distillation-config.temperature 1.0 --trainer-config.early-stop-patience 100 --slurm-config.mode run
[15:56:49] (388/413) -> galaxy job=245710 :: carbon-raw-original --task-names enhancers --distillation-config.weight-ce 0.5 --distillation-config.weight-kl 0.5 --distillation-config.weight-mse 2.0 --distillation-config.temperature 1.5 --trainer-config.early-stop-patience 100 --slurm-config.mode run
[16:02:54] (389/413) -> laniakea job=245712 :: carbon-raw-original --task-names enhancers --distillation-config.weight-ce 0.5 --distillation-config.weight-kl 0.5 --distillation-config.weight-mse 2.0 --distillation-config.temperature 2.0 --trainer-config.early-stop-patience 100 --slurm-config.mode run
[16:09:00] (390/413) -> galaxy job=245713 :: carbon-raw-original --task-names enhancers --distillation-config.weight-ce 0.5 --distillation-config.weight-kl 0.5 --distillation-config.weight-mse 2.0 --distillation-config.temperature 4.0 --trainer-config.early-stop-patience 100 --slurm-config.mode run
[16:11:06] (391/413) -> voyager job=245714 :: carbon-raw-original --task-names enhancers --distillation-config.weight-ce 0.5 --distillation-config.weight-kl 0.5 --distillation-config.weight-mse 5.0 --distillation-config.temperature 0.5 --trainer-config.early-stop-patience 100 --slurm-config.mode run
[16:13:11] (392/413) -> voyager job=245715 :: carbon-raw-original --task-names enhancers --distillation-config.weight-ce 0.5 --distillation-config.weight-kl 0.5 --distillation-config.weight-mse 5.0 --distillation-config.temperature 1.0 --trainer-config.early-stop-patience 100 --slurm-config.mode run
[16:13:16] (393/413) -> voyager job=245716 :: carbon-raw-original --task-names enhancers --distillation-config.weight-ce 0.5 --distillation-config.weight-kl 0.5 --distillation-config.weight-mse 5.0 --distillation-config.temperature 1.5 --trainer-config.early-stop-patience 100 --slurm-config.mode run
[16:13:21] (394/413) -> laniakea job=245717 :: carbon-raw-original --task-names enhancers --distillation-config.weight-ce 0.5 --distillation-config.weight-kl 0.5 --distillation-config.weight-mse 5.0 --distillation-config.temperature 2.0 --trainer-config.early-stop-patience 100 --slurm-config.mode run
[16:15:27] (395/413) -> laniakea job=245718 :: carbon-raw-original --task-names enhancers --distillation-config.weight-ce 0.5 --distillation-config.weight-kl 0.5 --distillation-config.weight-mse 5.0 --distillation-config.temperature 4.0 --trainer-config.early-stop-patience 100 --slurm-config.mode run
[16:19:32] (396/413) -> laniakea job=245721 :: carbon-raw-original --task-names enhancers --distillation-config.weight-ce 0.5 --distillation-config.weight-kl 1.0 --distillation-config.weight-mse 2.0 --distillation-config.temperature 0.5 --trainer-config.early-stop-patience 100 --slurm-config.mode run
[16:19:37] (397/413) -> galaxy job=245722 :: carbon-raw-original --task-names enhancers --distillation-config.weight-ce 0.5 --distillation-config.weight-kl 1.0 --distillation-config.weight-mse 2.0 --distillation-config.temperature 1.0 --trainer-config.early-stop-patience 100 --slurm-config.mode run
[16:27:43] (398/413) -> laniakea job=245723 :: carbon-raw-original --task-names enhancers --distillation-config.weight-ce 0.5 --distillation-config.weight-kl 1.0 --distillation-config.weight-mse 2.0 --distillation-config.temperature 1.5 --trainer-config.early-stop-patience 100 --slurm-config.mode run
[16:27:49] (399/413) -> voyager job=245724 :: carbon-raw-original --task-names enhancers --distillation-config.weight-ce 0.5 --distillation-config.weight-kl 1.0 --distillation-config.weight-mse 2.0 --distillation-config.temperature 2.0 --trainer-config.early-stop-patience 100 --slurm-config.mode run
[16:31:54] (400/413) -> voyager job=245725 :: carbon-raw-original --task-names enhancers --distillation-config.weight-ce 0.5 --distillation-config.weight-kl 1.0 --distillation-config.weight-mse 2.0 --distillation-config.temperature 4.0 --trainer-config.early-stop-patience 100 --slurm-config.mode run
[16:31:59] (401/413) -> voyager job=245726 :: carbon-raw-original --task-names enhancers --distillation-config.weight-ce 0.5 --distillation-config.weight-kl 1.0 --distillation-config.weight-mse 5.0 --distillation-config.temperature 0.5 --trainer-config.early-stop-patience 100 --slurm-config.mode run
[16:36:05] (402/413) -> galaxy job=245727 :: carbon-raw-original --task-names enhancers --distillation-config.weight-ce 0.5 --distillation-config.weight-kl 1.0 --distillation-config.weight-mse 5.0 --distillation-config.temperature 1.0 --trainer-config.early-stop-patience 100 --slurm-config.mode run
[16:36:10] (403/413) -> galaxy job=245728 :: carbon-raw-original --task-names enhancers --distillation-config.weight-ce 0.5 --distillation-config.weight-kl 1.0 --distillation-config.weight-mse 5.0 --distillation-config.temperature 1.5 --trainer-config.early-stop-patience 100 --slurm-config.mode run
[16:38:15] (404/413) -> laniakea job=245729 :: carbon-raw-original --task-names enhancers --distillation-config.weight-ce 0.5 --distillation-config.weight-kl 1.0 --distillation-config.weight-mse 5.0 --distillation-config.temperature 2.0 --trainer-config.early-stop-patience 100 --slurm-config.mode run
[16:42:21] (405/413) -> laniakea job=245730 :: carbon-raw-original --task-names enhancers --distillation-config.weight-ce 0.5 --distillation-config.weight-kl 1.0 --distillation-config.weight-mse 5.0 --distillation-config.temperature 4.0 --trainer-config.early-stop-patience 100 --slurm-config.mode run
[16:42:26] (406/413) -> galaxy job=245731 :: carbon-raw-original --task-names splice_sites_all --distillation-config.weight-ce 0.5 --distillation-config.weight-kl 1.0 --distillation-config.weight-mse 0.0 --distillation-config.temperature 1.0 --trainer-config.early-stop-patience 100 --slurm-config.mode run
[16:44:32] (407/413) -> laniakea job=245732 :: carbon-raw-original --task-names splice_sites_all --distillation-config.weight-ce 0.5 --distillation-config.weight-kl 1.0 --distillation-config.weight-mse 0.0 --distillation-config.temperature 1.5 --trainer-config.early-stop-patience 100 --slurm-config.mode run
[16:44:37] (408/413) -> laniakea job=245733 :: carbon-raw-original --task-names splice_sites_all --distillation-config.weight-ce 0.5 --distillation-config.weight-kl 1.0 --distillation-config.weight-mse 0.0 --distillation-config.temperature 2.0 --trainer-config.early-stop-patience 100 --slurm-config.mode run
[16:44:42] (409/413) -> voyager job=245734 :: carbon-raw-original --task-names splice_sites_all --distillation-config.weight-ce 0.5 --distillation-config.weight-kl 1.0 --distillation-config.weight-mse 1.0 --distillation-config.temperature 1.0 --trainer-config.early-stop-patience 100 --slurm-config.mode run
[16:48:47] (410/413) -> laniakea job=245735 :: carbon-raw-original --task-names splice_sites_all --distillation-config.weight-ce 0.5 --distillation-config.weight-kl 1.0 --distillation-config.weight-mse 1.0 --distillation-config.temperature 1.5 --trainer-config.early-stop-patience 100 --slurm-config.mode run
[16:48:53] (411/413) -> voyager job=245736 :: carbon-raw-original --task-names splice_sites_all --distillation-config.weight-ce 0.5 --distillation-config.weight-kl 1.0 --distillation-config.weight-mse 1.0 --distillation-config.temperature 2.0 --trainer-config.early-stop-patience 100 --slurm-config.mode run
[16:50:58] (412/413) -> voyager job=245737 :: carbon-raw-original --task-names splice_sites_all --distillation-config.weight-ce 0.5 --distillation-config.weight-kl 1.0 --distillation-config.weight-mse 1.0 --distillation-config.temperature 4.0 --trainer-config.early-stop-patience 100 --slurm-config.mode run
[16:57:04] (413/413) -> laniakea job=245738 :: carbon-raw-original --task-names splice_sites_donors --distillation-config.weight-ce 0.5 --distillation-config.weight-kl 0.25 --distillation-config.weight-mse 0.0 --distillation-config.temperature 1.5 --trainer-config.early-stop-patience 100 --slurm-config.mode run
[specs 16:57:09] all 413 submitted
