[round 1] gaps=6
[specs 15:04:54] threeseed_resume_specs.txt: 6 jobs to submit
[15:04:54] (1/6) -> laniakea job=246417 :: nt_vanilla --task-names splice_sites_acceptors --distillation-config.weight-ce 0.5 --distillation-config.weight-kl 1 --distillation-config.weight-mse 0 --distillation-config.temperature 2 --trainer-config.output-dir /tmp/galaxy_srv_disk00/pengchx3/3seed_finals/nt/vanilla_original --trainer-config.early-stop-patience 250 --random-state 0 --slurm-config.mode run
[15:04:59] (2/6) -> galaxy job=246419 :: nt_vanilla --task-names splice_sites_acceptors --distillation-config.weight-ce 0.5 --distillation-config.weight-kl 1 --distillation-config.weight-mse 0 --distillation-config.temperature 2 --trainer-config.output-dir /tmp/galaxy_srv_disk00/pengchx3/3seed_finals/nt/vanilla_original --trainer-config.early-stop-patience 250 --random-state 1 --slurm-config.mode run
[15:05:04] (3/6) -> galaxy job=246421 :: nt_vanilla --task-names splice_sites_acceptors --distillation-config.weight-ce 0.5 --distillation-config.weight-kl 1 --distillation-config.weight-mse 0 --distillation-config.temperature 2 --trainer-config.output-dir /tmp/galaxy_srv_disk00/pengchx3/3seed_finals/nt/vanilla_original --trainer-config.early-stop-patience 250 --random-state 2 --slurm-config.mode run
[15:05:09] (4/6) -> laniakea job=246422 :: nt_vanilla --task-names splice_sites_donors --distillation-config.weight-ce 0.5 --distillation-config.weight-kl 0.5 --distillation-config.weight-mse 0 --distillation-config.temperature 4 --trainer-config.output-dir /tmp/galaxy_srv_disk00/pengchx3/3seed_finals/nt/vanilla_original --trainer-config.early-stop-patience 250 --random-state 0 --slurm-config.mode run
[15:07:15] (5/6) -> galaxy job=246426 :: nt_vanilla --task-names splice_sites_donors --distillation-config.weight-ce 0.5 --distillation-config.weight-kl 0.5 --distillation-config.weight-mse 0 --distillation-config.temperature 4 --trainer-config.output-dir /tmp/galaxy_srv_disk00/pengchx3/3seed_finals/nt/vanilla_original --trainer-config.early-stop-patience 250 --random-state 1 --slurm-config.mode run
[15:11:20] (6/6) -> voyager job=246429 :: nt_vanilla --task-names splice_sites_donors --distillation-config.weight-ce 0.5 --distillation-config.weight-kl 0.5 --distillation-config.weight-mse 0 --distillation-config.temperature 4 --trainer-config.output-dir /tmp/galaxy_srv_disk00/pengchx3/3seed_finals/nt/vanilla_original --trainer-config.early-stop-patience 250 --random-state 2 --slurm-config.mode run
[specs 15:11:25] all 6 submitted
[round 2] gaps=6
[specs 15:23:04] threeseed_resume_specs.txt: 6 jobs to submit
[15:23:04] (1/6) -> laniakea job=246442 :: nt_vanilla --task-names splice_sites_acceptors --distillation-config.weight-ce 0.5 --distillation-config.weight-kl 1 --distillation-config.weight-mse 0 --distillation-config.temperature 2 --trainer-config.output-dir /tmp/galaxy_srv_disk00/pengchx3/3seed_finals/nt/vanilla_original --trainer-config.early-stop-patience 250 --random-state 0 --slurm-config.mode run
[15:29:09] (2/6) -> galaxy job=246452 :: nt_vanilla --task-names splice_sites_acceptors --distillation-config.weight-ce 0.5 --distillation-config.weight-kl 1 --distillation-config.weight-mse 0 --distillation-config.temperature 2 --trainer-config.output-dir /tmp/galaxy_srv_disk00/pengchx3/3seed_finals/nt/vanilla_original --trainer-config.early-stop-patience 250 --random-state 1 --slurm-config.mode run
[15:31:15] (3/6) -> laniakea job=246454 :: nt_vanilla --task-names splice_sites_acceptors --distillation-config.weight-ce 0.5 --distillation-config.weight-kl 1 --distillation-config.weight-mse 0 --distillation-config.temperature 2 --trainer-config.output-dir /tmp/galaxy_srv_disk00/pengchx3/3seed_finals/nt/vanilla_original --trainer-config.early-stop-patience 250 --random-state 2 --slurm-config.mode run
[15:31:20] (4/6) -> voyager job=246456 :: nt_vanilla --task-names splice_sites_donors --distillation-config.weight-ce 0.5 --distillation-config.weight-kl 0.5 --distillation-config.weight-mse 0 --distillation-config.temperature 4 --trainer-config.output-dir /tmp/galaxy_srv_disk00/pengchx3/3seed_finals/nt/vanilla_original --trainer-config.early-stop-patience 250 --random-state 0 --slurm-config.mode run
[15:31:25] (5/6) -> laniakea job=246458 :: nt_vanilla --task-names splice_sites_donors --distillation-config.weight-ce 0.5 --distillation-config.weight-kl 0.5 --distillation-config.weight-mse 0 --distillation-config.temperature 4 --trainer-config.output-dir /tmp/galaxy_srv_disk00/pengchx3/3seed_finals/nt/vanilla_original --trainer-config.early-stop-patience 250 --random-state 1 --slurm-config.mode run
[15:31:30] (6/6) -> galaxy job=246460 :: nt_vanilla --task-names splice_sites_donors --distillation-config.weight-ce 0.5 --distillation-config.weight-kl 0.5 --distillation-config.weight-mse 0 --distillation-config.temperature 4 --trainer-config.output-dir /tmp/galaxy_srv_disk00/pengchx3/3seed_finals/nt/vanilla_original --trainer-config.early-stop-patience 250 --random-state 2 --slurm-config.mode run
[specs 15:31:35] all 6 submitted
[round 3] gaps=6
[specs 15:42:23] threeseed_resume_specs.txt: 6 jobs to submit
[15:42:23] (1/6) -> laniakea job=246472 :: nt_vanilla --task-names splice_sites_acceptors --distillation-config.weight-ce 0.5 --distillation-config.weight-kl 1 --distillation-config.weight-mse 0 --distillation-config.temperature 2 --trainer-config.output-dir /tmp/galaxy_srv_disk00/pengchx3/3seed_finals/nt/vanilla_original --trainer-config.early-stop-patience 250 --random-state 0 --slurm-config.mode run
[15:42:28] (2/6) -> laniakea job=246473 :: nt_vanilla --task-names splice_sites_acceptors --distillation-config.weight-ce 0.5 --distillation-config.weight-kl 1 --distillation-config.weight-mse 0 --distillation-config.temperature 2 --trainer-config.output-dir /tmp/galaxy_srv_disk00/pengchx3/3seed_finals/nt/vanilla_original --trainer-config.early-stop-patience 250 --random-state 1 --slurm-config.mode run
[15:42:33] (3/6) -> laniakea job=246474 :: nt_vanilla --task-names splice_sites_acceptors --distillation-config.weight-ce 0.5 --distillation-config.weight-kl 1 --distillation-config.weight-mse 0 --distillation-config.temperature 2 --trainer-config.output-dir /tmp/galaxy_srv_disk00/pengchx3/3seed_finals/nt/vanilla_original --trainer-config.early-stop-patience 250 --random-state 2 --slurm-config.mode run
[15:42:38] (4/6) -> laniakea job=246475 :: nt_vanilla --task-names splice_sites_donors --distillation-config.weight-ce 0.5 --distillation-config.weight-kl 0.5 --distillation-config.weight-mse 0 --distillation-config.temperature 4 --trainer-config.output-dir /tmp/galaxy_srv_disk00/pengchx3/3seed_finals/nt/vanilla_original --trainer-config.early-stop-patience 250 --random-state 0 --slurm-config.mode run
[15:42:44] (5/6) -> laniakea job=246476 :: nt_vanilla --task-names splice_sites_donors --distillation-config.weight-ce 0.5 --distillation-config.weight-kl 0.5 --distillation-config.weight-mse 0 --distillation-config.temperature 4 --trainer-config.output-dir /tmp/galaxy_srv_disk00/pengchx3/3seed_finals/nt/vanilla_original --trainer-config.early-stop-patience 250 --random-state 1 --slurm-config.mode run
[15:42:49] (6/6) -> laniakea job=246477 :: nt_vanilla --task-names splice_sites_donors --distillation-config.weight-ce 0.5 --distillation-config.weight-kl 0.5 --distillation-config.weight-mse 0 --distillation-config.temperature 4 --trainer-config.output-dir /tmp/galaxy_srv_disk00/pengchx3/3seed_finals/nt/vanilla_original --trainer-config.early-stop-patience 250 --random-state 2 --slurm-config.mode run
[specs 15:42:54] all 6 submitted
[round 4] gaps=6
[specs 15:53:47] threeseed_resume_specs.txt: 6 jobs to submit
[15:53:47] (1/6) -> laniakea job=246478 :: nt_vanilla --task-names splice_sites_acceptors --distillation-config.weight-ce 0.5 --distillation-config.weight-kl 1 --distillation-config.weight-mse 0 --distillation-config.temperature 2 --trainer-config.output-dir /tmp/galaxy_srv_disk00/pengchx3/3seed_finals/nt/vanilla_original --trainer-config.early-stop-patience 250 --random-state 0 --slurm-config.mode run
[15:53:52] (2/6) -> laniakea job=246479 :: nt_vanilla --task-names splice_sites_acceptors --distillation-config.weight-ce 0.5 --distillation-config.weight-kl 1 --distillation-config.weight-mse 0 --distillation-config.temperature 2 --trainer-config.output-dir /tmp/galaxy_srv_disk00/pengchx3/3seed_finals/nt/vanilla_original --trainer-config.early-stop-patience 250 --random-state 1 --slurm-config.mode run
[15:53:57] (3/6) -> laniakea job=246480 :: nt_vanilla --task-names splice_sites_acceptors --distillation-config.weight-ce 0.5 --distillation-config.weight-kl 1 --distillation-config.weight-mse 0 --distillation-config.temperature 2 --trainer-config.output-dir /tmp/galaxy_srv_disk00/pengchx3/3seed_finals/nt/vanilla_original --trainer-config.early-stop-patience 250 --random-state 2 --slurm-config.mode run
[15:54:02] (4/6) -> laniakea job=246481 :: nt_vanilla --task-names splice_sites_donors --distillation-config.weight-ce 0.5 --distillation-config.weight-kl 0.5 --distillation-config.weight-mse 0 --distillation-config.temperature 4 --trainer-config.output-dir /tmp/galaxy_srv_disk00/pengchx3/3seed_finals/nt/vanilla_original --trainer-config.early-stop-patience 250 --random-state 0 --slurm-config.mode run
[15:54:07] (5/6) -> laniakea job=246482 :: nt_vanilla --task-names splice_sites_donors --distillation-config.weight-ce 0.5 --distillation-config.weight-kl 0.5 --distillation-config.weight-mse 0 --distillation-config.temperature 4 --trainer-config.output-dir /tmp/galaxy_srv_disk00/pengchx3/3seed_finals/nt/vanilla_original --trainer-config.early-stop-patience 250 --random-state 1 --slurm-config.mode run
[15:54:12] (6/6) -> laniakea job=246483 :: nt_vanilla --task-names splice_sites_donors --distillation-config.weight-ce 0.5 --distillation-config.weight-kl 0.5 --distillation-config.weight-mse 0 --distillation-config.temperature 4 --trainer-config.output-dir /tmp/galaxy_srv_disk00/pengchx3/3seed_finals/nt/vanilla_original --trainer-config.early-stop-patience 250 --random-state 2 --slurm-config.mode run
[specs 15:54:17] all 6 submitted
[round 5] gaps=6
[specs 16:05:05] threeseed_resume_specs.txt: 6 jobs to submit
[16:05:05] (1/6) -> laniakea job=246487 :: nt_vanilla --task-names splice_sites_acceptors --distillation-config.weight-ce 0.5 --distillation-config.weight-kl 1 --distillation-config.weight-mse 0 --distillation-config.temperature 2 --trainer-config.output-dir /tmp/galaxy_srv_disk00/pengchx3/3seed_finals/nt/vanilla_original --trainer-config.early-stop-patience 250 --random-state 0 --slurm-config.mode run
[16:05:10] (2/6) -> laniakea job=246488 :: nt_vanilla --task-names splice_sites_acceptors --distillation-config.weight-ce 0.5 --distillation-config.weight-kl 1 --distillation-config.weight-mse 0 --distillation-config.temperature 2 --trainer-config.output-dir /tmp/galaxy_srv_disk00/pengchx3/3seed_finals/nt/vanilla_original --trainer-config.early-stop-patience 250 --random-state 1 --slurm-config.mode run
[16:05:15] (3/6) -> laniakea job=246489 :: nt_vanilla --task-names splice_sites_acceptors --distillation-config.weight-ce 0.5 --distillation-config.weight-kl 1 --distillation-config.weight-mse 0 --distillation-config.temperature 2 --trainer-config.output-dir /tmp/galaxy_srv_disk00/pengchx3/3seed_finals/nt/vanilla_original --trainer-config.early-stop-patience 250 --random-state 2 --slurm-config.mode run
[16:05:20] (4/6) -> laniakea job=246490 :: nt_vanilla --task-names splice_sites_donors --distillation-config.weight-ce 0.5 --distillation-config.weight-kl 0.5 --distillation-config.weight-mse 0 --distillation-config.temperature 4 --trainer-config.output-dir /tmp/galaxy_srv_disk00/pengchx3/3seed_finals/nt/vanilla_original --trainer-config.early-stop-patience 250 --random-state 0 --slurm-config.mode run
[16:05:25] (5/6) -> laniakea job=246491 :: nt_vanilla --task-names splice_sites_donors --distillation-config.weight-ce 0.5 --distillation-config.weight-kl 0.5 --distillation-config.weight-mse 0 --distillation-config.temperature 4 --trainer-config.output-dir /tmp/galaxy_srv_disk00/pengchx3/3seed_finals/nt/vanilla_original --trainer-config.early-stop-patience 250 --random-state 1 --slurm-config.mode run
[16:05:30] (6/6) -> laniakea job=246492 :: nt_vanilla --task-names splice_sites_donors --distillation-config.weight-ce 0.5 --distillation-config.weight-kl 0.5 --distillation-config.weight-mse 0 --distillation-config.temperature 4 --trainer-config.output-dir /tmp/galaxy_srv_disk00/pengchx3/3seed_finals/nt/vanilla_original --trainer-config.early-stop-patience 250 --random-state 2 --slurm-config.mode run
[specs 16:05:35] all 6 submitted
