[specs 12:14:07] hp_carbon_remaining.txt: 209 jobs to submit
[12:14:07] (1/209) -> laniakea job=246238 :: carbon-raw-original --task-names H3K4me1 --distillation-config.weight-ce 0.5 --distillation-config.weight-kl 0.5 --distillation-config.weight-mse 2.0 --distillation-config.temperature 1.0 --trainer-config.early-stop-patience 100 --slurm-config.mode run
[12:14:12] (2/209) -> laniakea job=246240 :: carbon-raw-original --task-names H3K4me1 --distillation-config.weight-ce 0.5 --distillation-config.weight-kl 0.5 --distillation-config.weight-mse 2.0 --distillation-config.temperature 4.0 --trainer-config.early-stop-patience 100 --slurm-config.mode run
[12:14:18] (3/209) -> laniakea job=246242 :: carbon-raw-original --task-names H3K4me1 --distillation-config.weight-ce 0.5 --distillation-config.weight-kl 0.5 --distillation-config.weight-mse 5.0 --distillation-config.temperature 0.5 --trainer-config.early-stop-patience 100 --slurm-config.mode run
[12:14:23] (4/209) -> voyager job=246244 :: carbon-raw-original --task-names H3K4me1 --distillation-config.weight-ce 0.5 --distillation-config.weight-kl 0.5 --distillation-config.weight-mse 5.0 --distillation-config.temperature 1.0 --trainer-config.early-stop-patience 100 --slurm-config.mode run
[12:14:28] (5/209) -> laniakea job=246246 :: carbon-raw-original --task-names H3K4me1 --distillation-config.weight-ce 0.5 --distillation-config.weight-kl 0.5 --distillation-config.weight-mse 5.0 --distillation-config.temperature 1.5 --trainer-config.early-stop-patience 100 --slurm-config.mode run
[12:14:33] (6/209) -> voyager job=246248 :: carbon-raw-original --task-names H3K4me1 --distillation-config.weight-ce 0.5 --distillation-config.weight-kl 0.5 --distillation-config.weight-mse 5.0 --distillation-config.temperature 2.0 --trainer-config.early-stop-patience 100 --slurm-config.mode run
[12:14:38] (7/209) -> voyager job=246249 :: carbon-raw-original --task-names H3K4me1 --distillation-config.weight-ce 0.5 --distillation-config.weight-kl 0.5 --distillation-config.weight-mse 5.0 --distillation-config.temperature 4.0 --trainer-config.early-stop-patience 100 --slurm-config.mode run
[12:14:44] (8/209) -> laniakea job=246250 :: carbon-raw-original --task-names H3K4me1 --distillation-config.weight-ce 0.5 --distillation-config.weight-kl 1.0 --distillation-config.weight-mse 2.0 --distillation-config.temperature 0.5 --trainer-config.early-stop-patience 100 --slurm-config.mode run
[12:14:49] (9/209) -> laniakea job=246251 :: carbon-raw-original --task-names H3K4me1 --distillation-config.weight-ce 0.5 --distillation-config.weight-kl 1.0 --distillation-config.weight-mse 2.0 --distillation-config.temperature 1.0 --trainer-config.early-stop-patience 100 --slurm-config.mode run
[12:14:54] (10/209) -> laniakea job=246252 :: carbon-raw-original --task-names H3K4me1 --distillation-config.weight-ce 0.5 --distillation-config.weight-kl 1.0 --distillation-config.weight-mse 2.0 --distillation-config.temperature 1.5 --trainer-config.early-stop-patience 100 --slurm-config.mode run
[12:14:59] (11/209) -> galaxy job=246253 :: carbon-raw-original --task-names H3K4me1 --distillation-config.weight-ce 0.5 --distillation-config.weight-kl 1.0 --distillation-config.weight-mse 2.0 --distillation-config.temperature 2.0 --trainer-config.early-stop-patience 100 --slurm-config.mode run
[12:15:04] (12/209) -> galaxy job=246254 :: carbon-raw-original --task-names H3K4me1 --distillation-config.weight-ce 0.5 --distillation-config.weight-kl 1.0 --distillation-config.weight-mse 2.0 --distillation-config.temperature 4.0 --trainer-config.early-stop-patience 100 --slurm-config.mode run
[12:15:09] (13/209) -> galaxy job=246255 :: carbon-raw-original --task-names H3K4me1 --distillation-config.weight-ce 0.5 --distillation-config.weight-kl 1.0 --distillation-config.weight-mse 5.0 --distillation-config.temperature 0.5 --trainer-config.early-stop-patience 100 --slurm-config.mode run
[12:15:15] (14/209) -> galaxy job=246256 :: carbon-raw-original --task-names H3K4me1 --distillation-config.weight-ce 0.5 --distillation-config.weight-kl 1.0 --distillation-config.weight-mse 5.0 --distillation-config.temperature 1.0 --trainer-config.early-stop-patience 100 --slurm-config.mode run
[12:19:20] (15/209) -> galaxy job=246257 :: carbon-raw-original --task-names H3K4me1 --distillation-config.weight-ce 0.5 --distillation-config.weight-kl 1.0 --distillation-config.weight-mse 5.0 --distillation-config.temperature 1.5 --trainer-config.early-stop-patience 100 --slurm-config.mode run
[12:29:26] (16/209) -> voyager job=246258 :: carbon-raw-original --task-names H3K4me1 --distillation-config.weight-ce 0.5 --distillation-config.weight-kl 1.0 --distillation-config.weight-mse 5.0 --distillation-config.temperature 2.0 --trainer-config.early-stop-patience 100 --slurm-config.mode run
[12:29:31] (17/209) -> voyager job=246259 :: carbon-raw-original --task-names H3K4me1 --distillation-config.weight-ce 0.5 --distillation-config.weight-kl 1.0 --distillation-config.weight-mse 5.0 --distillation-config.temperature 4.0 --trainer-config.early-stop-patience 100 --slurm-config.mode run
[12:29:36] (18/209) -> voyager job=246260 :: carbon-raw-original --task-names H3K4me2 --distillation-config.weight-ce 0.5 --distillation-config.weight-kl 0.0 --distillation-config.weight-mse 2.0 --distillation-config.temperature 0.5 --trainer-config.early-stop-patience 100 --slurm-config.mode run
[12:37:42] (19/209) -> laniakea job=246261 :: carbon-raw-original --task-names H3K4me2 --distillation-config.weight-ce 0.5 --distillation-config.weight-kl 0.0 --distillation-config.weight-mse 5.0 --distillation-config.temperature 0.5 --trainer-config.early-stop-patience 100 --slurm-config.mode run
[12:37:47] (20/209) -> laniakea job=246262 :: carbon-raw-original --task-names H3K4me2 --distillation-config.weight-ce 0.5 --distillation-config.weight-kl 0.25 --distillation-config.weight-mse 2.0 --distillation-config.temperature 0.5 --trainer-config.early-stop-patience 100 --slurm-config.mode run
[12:37:52] (21/209) -> laniakea job=246263 :: carbon-raw-original --task-names H3K4me2 --distillation-config.weight-ce 0.5 --distillation-config.weight-kl 0.25 --distillation-config.weight-mse 2.0 --distillation-config.temperature 1.0 --trainer-config.early-stop-patience 100 --slurm-config.mode run
[12:37:57] (22/209) -> laniakea job=246264 :: carbon-raw-original --task-names H3K4me2 --distillation-config.weight-ce 0.5 --distillation-config.weight-kl 0.25 --distillation-config.weight-mse 2.0 --distillation-config.temperature 1.5 --trainer-config.early-stop-patience 100 --slurm-config.mode run
[12:38:03] (23/209) -> galaxy job=246265 :: carbon-raw-original --task-names H3K4me2 --distillation-config.weight-ce 0.5 --distillation-config.weight-kl 0.25 --distillation-config.weight-mse 2.0 --distillation-config.temperature 2.0 --trainer-config.early-stop-patience 100 --slurm-config.mode run
[12:38:08] (24/209) -> galaxy job=246266 :: carbon-raw-original --task-names H3K4me2 --distillation-config.weight-ce 0.5 --distillation-config.weight-kl 0.25 --distillation-config.weight-mse 2.0 --distillation-config.temperature 4.0 --trainer-config.early-stop-patience 100 --slurm-config.mode run
[12:40:14] (25/209) -> laniakea job=246267 :: carbon-raw-original --task-names H3K4me2 --distillation-config.weight-ce 0.5 --distillation-config.weight-kl 0.25 --distillation-config.weight-mse 5.0 --distillation-config.temperature 0.5 --trainer-config.early-stop-patience 100 --slurm-config.mode run
[12:40:19] (26/209) -> laniakea job=246268 :: carbon-raw-original --task-names H3K4me2 --distillation-config.weight-ce 0.5 --distillation-config.weight-kl 0.25 --distillation-config.weight-mse 5.0 --distillation-config.temperature 1.0 --trainer-config.early-stop-patience 100 --slurm-config.mode run
[12:40:24] (27/209) -> galaxy job=246269 :: carbon-raw-original --task-names H3K4me2 --distillation-config.weight-ce 0.5 --distillation-config.weight-kl 0.25 --distillation-config.weight-mse 5.0 --distillation-config.temperature 1.5 --trainer-config.early-stop-patience 100 --slurm-config.mode run
[12:42:30] (28/209) -> galaxy job=246270 :: carbon-raw-original --task-names H3K4me2 --distillation-config.weight-ce 0.5 --distillation-config.weight-kl 0.25 --distillation-config.weight-mse 5.0 --distillation-config.temperature 2.0 --trainer-config.early-stop-patience 100 --slurm-config.mode run
[12:44:35] (29/209) -> voyager job=246271 :: carbon-raw-original --task-names H3K4me2 --distillation-config.weight-ce 0.5 --distillation-config.weight-kl 0.25 --distillation-config.weight-mse 5.0 --distillation-config.temperature 4.0 --trainer-config.early-stop-patience 100 --slurm-config.mode run
[12:46:40] (30/209) -> laniakea job=246272 :: carbon-raw-original --task-names H3K4me2 --distillation-config.weight-ce 0.5 --distillation-config.weight-kl 0.5 --distillation-config.weight-mse 2.0 --distillation-config.temperature 0.5 --trainer-config.early-stop-patience 100 --slurm-config.mode run
[12:46:45] (31/209) -> voyager job=246273 :: carbon-raw-original --task-names H3K4me2 --distillation-config.weight-ce 0.5 --distillation-config.weight-kl 0.5 --distillation-config.weight-mse 2.0 --distillation-config.temperature 1.0 --trainer-config.early-stop-patience 100 --slurm-config.mode run
[12:48:51] (32/209) -> voyager job=246274 :: carbon-raw-original --task-names H3K4me2 --distillation-config.weight-ce 0.5 --distillation-config.weight-kl 0.5 --distillation-config.weight-mse 2.0 --distillation-config.temperature 1.5 --trainer-config.early-stop-patience 100 --slurm-config.mode run
[12:52:56] (33/209) -> galaxy job=246275 :: carbon-raw-original --task-names H3K4me2 --distillation-config.weight-ce 0.5 --distillation-config.weight-kl 0.5 --distillation-config.weight-mse 2.0 --distillation-config.temperature 2.0 --trainer-config.early-stop-patience 100 --slurm-config.mode run
[12:59:02] (34/209) -> laniakea job=246276 :: carbon-raw-original --task-names H3K4me2 --distillation-config.weight-ce 0.5 --distillation-config.weight-kl 0.5 --distillation-config.weight-mse 2.0 --distillation-config.temperature 4.0 --trainer-config.early-stop-patience 100 --slurm-config.mode run
[12:59:07] (35/209) -> laniakea job=246277 :: carbon-raw-original --task-names H3K4me2 --distillation-config.weight-ce 0.5 --distillation-config.weight-kl 0.5 --distillation-config.weight-mse 5.0 --distillation-config.temperature 0.5 --trainer-config.early-stop-patience 100 --slurm-config.mode run
[12:59:12] (36/209) -> laniakea job=246278 :: carbon-raw-original --task-names H3K4me2 --distillation-config.weight-ce 0.5 --distillation-config.weight-kl 0.5 --distillation-config.weight-mse 5.0 --distillation-config.temperature 1.0 --trainer-config.early-stop-patience 100 --slurm-config.mode run
[12:59:17] (37/209) -> voyager job=246279 :: carbon-raw-original --task-names H3K4me2 --distillation-config.weight-ce 0.5 --distillation-config.weight-kl 0.5 --distillation-config.weight-mse 5.0 --distillation-config.temperature 1.5 --trainer-config.early-stop-patience 100 --slurm-config.mode run
[12:59:22] (38/209) -> galaxy job=246280 :: carbon-raw-original --task-names H3K4me2 --distillation-config.weight-ce 0.5 --distillation-config.weight-kl 0.5 --distillation-config.weight-mse 5.0 --distillation-config.temperature 2.0 --trainer-config.early-stop-patience 100 --slurm-config.mode run
[13:01:28] (39/209) -> laniakea job=246281 :: carbon-raw-original --task-names H3K4me2 --distillation-config.weight-ce 0.5 --distillation-config.weight-kl 0.5 --distillation-config.weight-mse 5.0 --distillation-config.temperature 4.0 --trainer-config.early-stop-patience 100 --slurm-config.mode run
[13:01:33] (40/209) -> voyager job=246282 :: carbon-raw-original --task-names H3K4me2 --distillation-config.weight-ce 0.5 --distillation-config.weight-kl 1.0 --distillation-config.weight-mse 2.0 --distillation-config.temperature 0.5 --trainer-config.early-stop-patience 100 --slurm-config.mode run
[13:01:38] (41/209) -> galaxy job=246283 :: carbon-raw-original --task-names H3K4me2 --distillation-config.weight-ce 0.5 --distillation-config.weight-kl 1.0 --distillation-config.weight-mse 2.0 --distillation-config.temperature 1.0 --trainer-config.early-stop-patience 100 --slurm-config.mode run
[13:01:43] (42/209) -> galaxy job=246284 :: carbon-raw-original --task-names H3K4me2 --distillation-config.weight-ce 0.5 --distillation-config.weight-kl 1.0 --distillation-config.weight-mse 2.0 --distillation-config.temperature 1.5 --trainer-config.early-stop-patience 100 --slurm-config.mode run
[13:03:48] (43/209) -> laniakea job=246285 :: carbon-raw-original --task-names H3K4me2 --distillation-config.weight-ce 0.5 --distillation-config.weight-kl 1.0 --distillation-config.weight-mse 2.0 --distillation-config.temperature 2.0 --trainer-config.early-stop-patience 100 --slurm-config.mode run
[13:03:54] (44/209) -> laniakea job=246286 :: carbon-raw-original --task-names H3K4me2 --distillation-config.weight-ce 0.5 --distillation-config.weight-kl 1.0 --distillation-config.weight-mse 2.0 --distillation-config.temperature 4.0 --trainer-config.early-stop-patience 100 --slurm-config.mode run
[13:03:59] (45/209) -> voyager job=246287 :: carbon-raw-original --task-names H3K4me2 --distillation-config.weight-ce 0.5 --distillation-config.weight-kl 1.0 --distillation-config.weight-mse 5.0 --distillation-config.temperature 0.5 --trainer-config.early-stop-patience 100 --slurm-config.mode run
[13:06:04] (46/209) -> galaxy job=246288 :: carbon-raw-original --task-names H3K4me2 --distillation-config.weight-ce 0.5 --distillation-config.weight-kl 1.0 --distillation-config.weight-mse 5.0 --distillation-config.temperature 1.0 --trainer-config.early-stop-patience 100 --slurm-config.mode run
[13:14:10] (47/209) -> laniakea job=246289 :: carbon-raw-original --task-names H3K4me2 --distillation-config.weight-ce 0.5 --distillation-config.weight-kl 1.0 --distillation-config.weight-mse 5.0 --distillation-config.temperature 1.5 --trainer-config.early-stop-patience 100 --slurm-config.mode run
[13:14:15] (48/209) -> voyager job=246290 :: carbon-raw-original --task-names H3K4me2 --distillation-config.weight-ce 0.5 --distillation-config.weight-kl 1.0 --distillation-config.weight-mse 5.0 --distillation-config.temperature 2.0 --trainer-config.early-stop-patience 100 --slurm-config.mode run
[13:16:20] (49/209) -> voyager job=246291 :: carbon-raw-original --task-names H3K4me2 --distillation-config.weight-ce 0.5 --distillation-config.weight-kl 1.0 --distillation-config.weight-mse 5.0 --distillation-config.temperature 4.0 --trainer-config.early-stop-patience 100 --slurm-config.mode run
[13:18:26] (50/209) -> voyager job=246292 :: carbon-raw-original --task-names H3K4me3 --distillation-config.weight-ce 0.5 --distillation-config.weight-kl 0.0 --distillation-config.weight-mse 2.0 --distillation-config.temperature 0.5 --trainer-config.early-stop-patience 100 --slurm-config.mode run
[13:20:31] (51/209) -> laniakea job=246293 :: carbon-raw-original --task-names H3K4me3 --distillation-config.weight-ce 0.5 --distillation-config.weight-kl 0.0 --distillation-config.weight-mse 5.0 --distillation-config.temperature 0.5 --trainer-config.early-stop-patience 100 --slurm-config.mode run
[13:20:36] (52/209) -> laniakea job=246294 :: carbon-raw-original --task-names H3K4me3 --distillation-config.weight-ce 0.5 --distillation-config.weight-kl 0.25 --distillation-config.weight-mse 2.0 --distillation-config.temperature 0.5 --trainer-config.early-stop-patience 100 --slurm-config.mode run
[13:20:41] (53/209) -> galaxy job=246295 :: carbon-raw-original --task-names H3K4me3 --distillation-config.weight-ce 0.5 --distillation-config.weight-kl 0.25 --distillation-config.weight-mse 2.0 --distillation-config.temperature 1.0 --trainer-config.early-stop-patience 100 --slurm-config.mode run
[13:20:46] (54/209) -> galaxy job=246296 :: carbon-raw-original --task-names H3K4me3 --distillation-config.weight-ce 0.5 --distillation-config.weight-kl 0.25 --distillation-config.weight-mse 2.0 --distillation-config.temperature 1.5 --trainer-config.early-stop-patience 100 --slurm-config.mode run
[13:22:52] (55/209) -> laniakea job=246297 :: carbon-raw-original --task-names H3K4me3 --distillation-config.weight-ce 0.5 --distillation-config.weight-kl 0.25 --distillation-config.weight-mse 2.0 --distillation-config.temperature 2.0 --trainer-config.early-stop-patience 100 --slurm-config.mode run
[13:22:57] (56/209) -> galaxy job=246298 :: carbon-raw-original --task-names H3K4me3 --distillation-config.weight-ce 0.5 --distillation-config.weight-kl 0.25 --distillation-config.weight-mse 2.0 --distillation-config.temperature 4.0 --trainer-config.early-stop-patience 100 --slurm-config.mode run
[13:25:02] (57/209) -> laniakea job=246299 :: carbon-raw-original --task-names H3K4me3 --distillation-config.weight-ce 0.5 --distillation-config.weight-kl 0.25 --distillation-config.weight-mse 5.0 --distillation-config.temperature 0.5 --trainer-config.early-stop-patience 100 --slurm-config.mode run
[13:25:07] (58/209) -> galaxy job=246300 :: carbon-raw-original --task-names H3K4me3 --distillation-config.weight-ce 0.5 --distillation-config.weight-kl 0.25 --distillation-config.weight-mse 5.0 --distillation-config.temperature 1.0 --trainer-config.early-stop-patience 100 --slurm-config.mode run
[13:27:13] (59/209) -> laniakea job=246301 :: carbon-raw-original --task-names H3K4me3 --distillation-config.weight-ce 0.5 --distillation-config.weight-kl 0.25 --distillation-config.weight-mse 5.0 --distillation-config.temperature 1.5 --trainer-config.early-stop-patience 100 --slurm-config.mode run
[13:27:18] (60/209) -> voyager job=246302 :: carbon-raw-original --task-names H3K4me3 --distillation-config.weight-ce 0.5 --distillation-config.weight-kl 0.25 --distillation-config.weight-mse 5.0 --distillation-config.temperature 2.0 --trainer-config.early-stop-patience 100 --slurm-config.mode run
[13:29:23] (61/209) -> laniakea job=246303 :: carbon-raw-original --task-names H3K4me3 --distillation-config.weight-ce 0.5 --distillation-config.weight-kl 0.25 --distillation-config.weight-mse 5.0 --distillation-config.temperature 4.0 --trainer-config.early-stop-patience 100 --slurm-config.mode run
[13:29:28] (62/209) -> voyager job=246304 :: carbon-raw-original --task-names H3K4me3 --distillation-config.weight-ce 0.5 --distillation-config.weight-kl 0.5 --distillation-config.weight-mse 2.0 --distillation-config.temperature 0.5 --trainer-config.early-stop-patience 100 --slurm-config.mode run
[13:29:33] (63/209) -> voyager job=246305 :: carbon-raw-original --task-names H3K4me3 --distillation-config.weight-ce 0.5 --distillation-config.weight-kl 0.5 --distillation-config.weight-mse 2.0 --distillation-config.temperature 1.0 --trainer-config.early-stop-patience 100 --slurm-config.mode run
[13:29:39] (64/209) -> galaxy job=246306 :: carbon-raw-original --task-names H3K4me3 --distillation-config.weight-ce 0.5 --distillation-config.weight-kl 0.5 --distillation-config.weight-mse 2.0 --distillation-config.temperature 1.5 --trainer-config.early-stop-patience 100 --slurm-config.mode run
[13:33:44] (65/209) -> laniakea job=246307 :: carbon-raw-original --task-names H3K4me3 --distillation-config.weight-ce 0.5 --distillation-config.weight-kl 0.5 --distillation-config.weight-mse 2.0 --distillation-config.temperature 2.0 --trainer-config.early-stop-patience 100 --slurm-config.mode run
[13:33:49] (66/209) -> laniakea job=246308 :: carbon-raw-original --task-names H3K4me3 --distillation-config.weight-ce 0.5 --distillation-config.weight-kl 0.5 --distillation-config.weight-mse 2.0 --distillation-config.temperature 4.0 --trainer-config.early-stop-patience 100 --slurm-config.mode run
[13:35:55] (67/209) -> galaxy job=246309 :: carbon-raw-original --task-names H3K4me3 --distillation-config.weight-ce 0.5 --distillation-config.weight-kl 0.5 --distillation-config.weight-mse 5.0 --distillation-config.temperature 0.5 --trainer-config.early-stop-patience 100 --slurm-config.mode run
[13:36:00] (68/209) -> voyager job=246310 :: carbon-raw-original --task-names H3K4me3 --distillation-config.weight-ce 0.5 --distillation-config.weight-kl 0.5 --distillation-config.weight-mse 5.0 --distillation-config.temperature 1.0 --trainer-config.early-stop-patience 100 --slurm-config.mode run
[13:36:05] (69/209) -> laniakea job=246311 :: carbon-raw-original --task-names H3K4me3 --distillation-config.weight-ce 0.5 --distillation-config.weight-kl 0.5 --distillation-config.weight-mse 5.0 --distillation-config.temperature 1.5 --trainer-config.early-stop-patience 100 --slurm-config.mode run
[13:38:10] (70/209) -> voyager job=246312 :: carbon-raw-original --task-names H3K4me3 --distillation-config.weight-ce 0.5 --distillation-config.weight-kl 0.5 --distillation-config.weight-mse 5.0 --distillation-config.temperature 2.0 --trainer-config.early-stop-patience 100 --slurm-config.mode run
[13:38:15] (71/209) -> galaxy job=246313 :: carbon-raw-original --task-names H3K4me3 --distillation-config.weight-ce 0.5 --distillation-config.weight-kl 0.5 --distillation-config.weight-mse 5.0 --distillation-config.temperature 4.0 --trainer-config.early-stop-patience 100 --slurm-config.mode run
[13:38:21] (72/209) -> galaxy job=246314 :: carbon-raw-original --task-names H3K4me3 --distillation-config.weight-ce 0.5 --distillation-config.weight-kl 1.0 --distillation-config.weight-mse 2.0 --distillation-config.temperature 0.5 --trainer-config.early-stop-patience 100 --slurm-config.mode run
[13:40:26] (73/209) -> laniakea job=246315 :: carbon-raw-original --task-names H3K4me3 --distillation-config.weight-ce 0.5 --distillation-config.weight-kl 1.0 --distillation-config.weight-mse 2.0 --distillation-config.temperature 1.0 --trainer-config.early-stop-patience 100 --slurm-config.mode run
[13:40:31] (74/209) -> laniakea job=246316 :: carbon-raw-original --task-names H3K4me3 --distillation-config.weight-ce 0.5 --distillation-config.weight-kl 1.0 --distillation-config.weight-mse 2.0 --distillation-config.temperature 1.5 --trainer-config.early-stop-patience 100 --slurm-config.mode run
[13:40:36] (75/209) -> voyager job=246317 :: carbon-raw-original --task-names H3K4me3 --distillation-config.weight-ce 0.5 --distillation-config.weight-kl 1.0 --distillation-config.weight-mse 2.0 --distillation-config.temperature 2.0 --trainer-config.early-stop-patience 100 --slurm-config.mode run
[13:42:41] (76/209) -> laniakea job=246318 :: carbon-raw-original --task-names H3K4me3 --distillation-config.weight-ce 0.5 --distillation-config.weight-kl 1.0 --distillation-config.weight-mse 2.0 --distillation-config.temperature 4.0 --trainer-config.early-stop-patience 100 --slurm-config.mode run
[13:42:46] (77/209) -> galaxy job=246319 :: carbon-raw-original --task-names H3K4me3 --distillation-config.weight-ce 0.5 --distillation-config.weight-kl 1.0 --distillation-config.weight-mse 5.0 --distillation-config.temperature 0.5 --trainer-config.early-stop-patience 100 --slurm-config.mode run
[13:44:52] (78/209) -> voyager job=246320 :: carbon-raw-original --task-names H3K4me3 --distillation-config.weight-ce 0.5 --distillation-config.weight-kl 1.0 --distillation-config.weight-mse 5.0 --distillation-config.temperature 1.0 --trainer-config.early-stop-patience 100 --slurm-config.mode run
[13:44:57] (79/209) -> galaxy job=246321 :: carbon-raw-original --task-names H3K4me3 --distillation-config.weight-ce 0.5 --distillation-config.weight-kl 1.0 --distillation-config.weight-mse 5.0 --distillation-config.temperature 1.5 --trainer-config.early-stop-patience 100 --slurm-config.mode run
[13:49:02] (80/209) -> laniakea job=246322 :: carbon-raw-original --task-names H3K4me3 --distillation-config.weight-ce 0.5 --distillation-config.weight-kl 1.0 --distillation-config.weight-mse 5.0 --distillation-config.temperature 2.0 --trainer-config.early-stop-patience 100 --slurm-config.mode run
[13:49:08] (81/209) -> voyager job=246323 :: carbon-raw-original --task-names H3K4me3 --distillation-config.weight-ce 0.5 --distillation-config.weight-kl 1.0 --distillation-config.weight-mse 5.0 --distillation-config.temperature 4.0 --trainer-config.early-stop-patience 100 --slurm-config.mode run
[13:51:13] (82/209) -> laniakea job=246324 :: carbon-raw-original --task-names H3K9ac --distillation-config.weight-ce 0.5 --distillation-config.weight-kl 0.0 --distillation-config.weight-mse 2.0 --distillation-config.temperature 0.5 --trainer-config.early-stop-patience 100 --slurm-config.mode run
[13:51:18] (83/209) -> laniakea job=246325 :: carbon-raw-original --task-names H3K9ac --distillation-config.weight-ce 0.5 --distillation-config.weight-kl 0.0 --distillation-config.weight-mse 5.0 --distillation-config.temperature 0.5 --trainer-config.early-stop-patience 100 --slurm-config.mode run
[13:51:23] (84/209) -> laniakea job=246326 :: carbon-raw-original --task-names H3K9ac --distillation-config.weight-ce 0.5 --distillation-config.weight-kl 0.25 --distillation-config.weight-mse 2.0 --distillation-config.temperature 0.5 --trainer-config.early-stop-patience 100 --slurm-config.mode run
[13:51:28] (85/209) -> voyager job=246327 :: carbon-raw-original --task-names H3K9ac --distillation-config.weight-ce 0.5 --distillation-config.weight-kl 0.25 --distillation-config.weight-mse 2.0 --distillation-config.temperature 1.0 --trainer-config.early-stop-patience 100 --slurm-config.mode run
[13:51:33] (86/209) -> galaxy job=246328 :: carbon-raw-original --task-names H3K9ac --distillation-config.weight-ce 0.5 --distillation-config.weight-kl 0.25 --distillation-config.weight-mse 2.0 --distillation-config.temperature 1.5 --trainer-config.early-stop-patience 100 --slurm-config.mode run
[13:51:39] (87/209) -> galaxy job=246329 :: carbon-raw-original --task-names H3K9ac --distillation-config.weight-ce 0.5 --distillation-config.weight-kl 0.25 --distillation-config.weight-mse 2.0 --distillation-config.temperature 2.0 --trainer-config.early-stop-patience 100 --slurm-config.mode run
[13:53:44] (88/209) -> galaxy job=246330 :: carbon-raw-original --task-names H3K9ac --distillation-config.weight-ce 0.5 --distillation-config.weight-kl 0.25 --distillation-config.weight-mse 2.0 --distillation-config.temperature 4.0 --trainer-config.early-stop-patience 100 --slurm-config.mode run
[13:55:49] (89/209) -> laniakea job=246331 :: carbon-raw-original --task-names H3K9ac --distillation-config.weight-ce 0.5 --distillation-config.weight-kl 0.25 --distillation-config.weight-mse 5.0 --distillation-config.temperature 0.5 --trainer-config.early-stop-patience 100 --slurm-config.mode run
[13:55:54] (90/209) -> voyager job=246332 :: carbon-raw-original --task-names H3K9ac --distillation-config.weight-ce 0.5 --distillation-config.weight-kl 0.25 --distillation-config.weight-mse 5.0 --distillation-config.temperature 1.0 --trainer-config.early-stop-patience 100 --slurm-config.mode run
[13:55:59] (91/209) -> laniakea job=246333 :: carbon-raw-original --task-names H3K9ac --distillation-config.weight-ce 0.5 --distillation-config.weight-kl 0.25 --distillation-config.weight-mse 5.0 --distillation-config.temperature 1.5 --trainer-config.early-stop-patience 100 --slurm-config.mode run
[13:58:05] (92/209) -> galaxy job=246334 :: carbon-raw-original --task-names H3K9ac --distillation-config.weight-ce 0.5 --distillation-config.weight-kl 0.25 --distillation-config.weight-mse 5.0 --distillation-config.temperature 2.0 --trainer-config.early-stop-patience 100 --slurm-config.mode run
[14:00:10] (93/209) -> voyager job=246335 :: carbon-raw-original --task-names H3K9ac --distillation-config.weight-ce 0.5 --distillation-config.weight-kl 0.25 --distillation-config.weight-mse 5.0 --distillation-config.temperature 4.0 --trainer-config.early-stop-patience 100 --slurm-config.mode run
[14:04:16] (94/209) -> laniakea job=246337 :: carbon-raw-original --task-names H3K9ac --distillation-config.weight-ce 0.5 --distillation-config.weight-kl 0.5 --distillation-config.weight-mse 2.0 --distillation-config.temperature 0.5 --trainer-config.early-stop-patience 100 --slurm-config.mode run
[14:06:21] (95/209) -> laniakea job=246338 :: carbon-raw-original --task-names H3K9ac --distillation-config.weight-ce 0.5 --distillation-config.weight-kl 0.5 --distillation-config.weight-mse 2.0 --distillation-config.temperature 1.0 --trainer-config.early-stop-patience 100 --slurm-config.mode run
[14:08:26] (96/209) -> laniakea job=246339 :: carbon-raw-original --task-names H3K9ac --distillation-config.weight-ce 0.5 --distillation-config.weight-kl 0.5 --distillation-config.weight-mse 2.0 --distillation-config.temperature 1.5 --trainer-config.early-stop-patience 100 --slurm-config.mode run
[14:08:31] (97/209) -> laniakea job=246340 :: carbon-raw-original --task-names H3K9ac --distillation-config.weight-ce 0.5 --distillation-config.weight-kl 0.5 --distillation-config.weight-mse 2.0 --distillation-config.temperature 2.0 --trainer-config.early-stop-patience 100 --slurm-config.mode run
[14:08:36] (98/209) -> laniakea job=246341 :: carbon-raw-original --task-names H3K9ac --distillation-config.weight-ce 0.5 --distillation-config.weight-kl 0.5 --distillation-config.weight-mse 2.0 --distillation-config.temperature 4.0 --trainer-config.early-stop-patience 100 --slurm-config.mode run
[14:08:42] (99/209) -> voyager job=246342 :: carbon-raw-original --task-names H3K9ac --distillation-config.weight-ce 0.5 --distillation-config.weight-kl 0.5 --distillation-config.weight-mse 5.0 --distillation-config.temperature 0.5 --trainer-config.early-stop-patience 100 --slurm-config.mode run
[14:08:47] (100/209) -> galaxy job=246343 :: carbon-raw-original --task-names H3K9ac --distillation-config.weight-ce 0.5 --distillation-config.weight-kl 0.5 --distillation-config.weight-mse 5.0 --distillation-config.temperature 1.0 --trainer-config.early-stop-patience 100 --slurm-config.mode run
[14:12:52] (101/209) -> voyager job=246344 :: carbon-raw-original --task-names H3K9ac --distillation-config.weight-ce 0.5 --distillation-config.weight-kl 0.5 --distillation-config.weight-mse 5.0 --distillation-config.temperature 1.5 --trainer-config.early-stop-patience 100 --slurm-config.mode run
[14:12:57] (102/209) -> galaxy job=246345 :: carbon-raw-original --task-names H3K9ac --distillation-config.weight-ce 0.5 --distillation-config.weight-kl 0.5 --distillation-config.weight-mse 5.0 --distillation-config.temperature 2.0 --trainer-config.early-stop-patience 100 --slurm-config.mode run
[14:13:03] (103/209) -> galaxy job=246346 :: carbon-raw-original --task-names H3K9ac --distillation-config.weight-ce 0.5 --distillation-config.weight-kl 0.5 --distillation-config.weight-mse 5.0 --distillation-config.temperature 4.0 --trainer-config.early-stop-patience 100 --slurm-config.mode run
[14:13:08] (104/209) -> galaxy job=246347 :: carbon-raw-original --task-names H3K9ac --distillation-config.weight-ce 0.5 --distillation-config.weight-kl 1.0 --distillation-config.weight-mse 2.0 --distillation-config.temperature 0.5 --trainer-config.early-stop-patience 100 --slurm-config.mode run
[14:15:13] (105/209) -> laniakea job=246348 :: carbon-raw-original --task-names H3K9ac --distillation-config.weight-ce 0.5 --distillation-config.weight-kl 1.0 --distillation-config.weight-mse 2.0 --distillation-config.temperature 1.0 --trainer-config.early-stop-patience 100 --slurm-config.mode run
[14:15:18] (106/209) -> laniakea job=246349 :: carbon-raw-original --task-names H3K9ac --distillation-config.weight-ce 0.5 --distillation-config.weight-kl 1.0 --distillation-config.weight-mse 2.0 --distillation-config.temperature 1.5 --trainer-config.early-stop-patience 100 --slurm-config.mode run
[14:15:23] (107/209) -> voyager job=246350 :: carbon-raw-original --task-names H3K9ac --distillation-config.weight-ce 0.5 --distillation-config.weight-kl 1.0 --distillation-config.weight-mse 2.0 --distillation-config.temperature 2.0 --trainer-config.early-stop-patience 100 --slurm-config.mode run
[14:17:29] (108/209) -> galaxy job=246351 :: carbon-raw-original --task-names H3K9ac --distillation-config.weight-ce 0.5 --distillation-config.weight-kl 1.0 --distillation-config.weight-mse 2.0 --distillation-config.temperature 4.0 --trainer-config.early-stop-patience 100 --slurm-config.mode run
[14:19:34] (109/209) -> voyager job=246352 :: carbon-raw-original --task-names H3K9ac --distillation-config.weight-ce 0.5 --distillation-config.weight-kl 1.0 --distillation-config.weight-mse 5.0 --distillation-config.temperature 0.5 --trainer-config.early-stop-patience 100 --slurm-config.mode run
[14:25:40] (110/209) -> voyager job=246353 :: carbon-raw-original --task-names H3K9ac --distillation-config.weight-ce 0.5 --distillation-config.weight-kl 1.0 --distillation-config.weight-mse 5.0 --distillation-config.temperature 1.0 --trainer-config.early-stop-patience 100 --slurm-config.mode run
[14:27:45] (111/209) -> laniakea job=246354 :: carbon-raw-original --task-names H3K9ac --distillation-config.weight-ce 0.5 --distillation-config.weight-kl 1.0 --distillation-config.weight-mse 5.0 --distillation-config.temperature 1.5 --trainer-config.early-stop-patience 100 --slurm-config.mode run
[14:27:50] (112/209) -> laniakea job=246355 :: carbon-raw-original --task-names H3K9ac --distillation-config.weight-ce 0.5 --distillation-config.weight-kl 1.0 --distillation-config.weight-mse 5.0 --distillation-config.temperature 2.0 --trainer-config.early-stop-patience 100 --slurm-config.mode run
[14:27:55] (113/209) -> laniakea job=246356 :: carbon-raw-original --task-names H3K9ac --distillation-config.weight-ce 0.5 --distillation-config.weight-kl 1.0 --distillation-config.weight-mse 5.0 --distillation-config.temperature 4.0 --trainer-config.early-stop-patience 100 --slurm-config.mode run
[14:28:00] (114/209) -> voyager job=246357 :: carbon-raw-original --task-names H3K9me3 --distillation-config.weight-ce 0.5 --distillation-config.weight-kl 0.0 --distillation-config.weight-mse 2.0 --distillation-config.temperature 0.5 --trainer-config.early-stop-patience 100 --slurm-config.mode run
[14:30:06] (115/209) -> laniakea job=246358 :: carbon-raw-original --task-names H3K9me3 --distillation-config.weight-ce 0.5 --distillation-config.weight-kl 0.0 --distillation-config.weight-mse 5.0 --distillation-config.temperature 0.5 --trainer-config.early-stop-patience 100 --slurm-config.mode run
[14:30:11] (116/209) -> laniakea job=246359 :: carbon-raw-original --task-names H3K9me3 --distillation-config.weight-ce 0.5 --distillation-config.weight-kl 0.25 --distillation-config.weight-mse 2.0 --distillation-config.temperature 0.5 --trainer-config.early-stop-patience 100 --slurm-config.mode run
[14:30:16] (117/209) -> galaxy job=246360 :: carbon-raw-original --task-names H3K9me3 --distillation-config.weight-ce 0.5 --distillation-config.weight-kl 0.25 --distillation-config.weight-mse 2.0 --distillation-config.temperature 1.0 --trainer-config.early-stop-patience 100 --slurm-config.mode run
[14:32:21] (118/209) -> voyager job=246361 :: carbon-raw-original --task-names H3K9me3 --distillation-config.weight-ce 0.5 --distillation-config.weight-kl 0.25 --distillation-config.weight-mse 2.0 --distillation-config.temperature 1.5 --trainer-config.early-stop-patience 100 --slurm-config.mode run
[14:34:27] (119/209) -> galaxy job=246362 :: carbon-raw-original --task-names H3K9me3 --distillation-config.weight-ce 0.5 --distillation-config.weight-kl 0.25 --distillation-config.weight-mse 2.0 --distillation-config.temperature 2.0 --trainer-config.early-stop-patience 100 --slurm-config.mode run
[14:34:34] (120/209) -> galaxy job=246363 :: carbon-raw-original --task-names H3K9me3 --distillation-config.weight-ce 0.5 --distillation-config.weight-kl 0.25 --distillation-config.weight-mse 2.0 --distillation-config.temperature 4.0 --trainer-config.early-stop-patience 100 --slurm-config.mode run
