[08-07 03:42:32] === fs_grid_loop v2 start (DRYRUN=0): 54 arms; cache-file gate + per-arm CSVs ===
  splice_sites_donors        replace4  INFLIGHT(264048)
  splice_sites_all           replace4  INFLIGHT(264049)
  promoter_all               replace4  READY
  promoter_tata              replace4  DONE
  promoter_no_tata           replace4  READY
  H3K4me3                    replace4  READY
  H2AFZ                      replaceK  DONE
  H2AFZ                      onehot    READY
  H2AFZ                      replace4  READY
  H2AFZ                      latefuse  READY
  H3K27ac                    replaceK  DONE
  H3K27ac                    onehot    READY
  H3K27ac                    replace4  READY
  H3K27ac                    latefuse  READY
  H3K27me3                   replaceK  INFLIGHT(264039)
  H3K27me3                   onehot    READY
  H3K27me3                   replace4  READY
  H3K27me3                   latefuse  READY
  H3K36me3                   replaceK  INFLIGHT(264040)
  H3K36me3                   onehot    READY
  H3K36me3                   replace4  READY
  H3K36me3                   latefuse  READY
  H3K4me1                    replaceK  INFLIGHT(264041)
  H3K4me1                    onehot    READY
  H3K4me1                    replace4  READY
  H3K4me1                    latefuse  READY
  H3K4me2                    replaceK  INFLIGHT(264042)
  H3K4me2                    onehot    READY
  H3K4me2                    replace4  READY
  H3K4me2                    latefuse  READY
  H3K9ac                     replaceK  INFLIGHT(264043)
  H3K9ac                     onehot    READY
  H3K9ac                     replace4  READY
  H3K9ac                     latefuse  READY
  H3K9me3                    replaceK  INFLIGHT(264044)
  H3K9me3                    onehot    READY
  H3K9me3                    replace4  READY
  H3K9me3                    latefuse  READY
  H4K20me1                   replaceK  INFLIGHT(264045)
  H4K20me1                   onehot    READY
  H4K20me1                   replace4  READY
  H4K20me1                   latefuse  READY
  enhancers                  replaceK  DONE
  enhancers                  onehot    READY
  enhancers                  replace4  READY
  enhancers                  latefuse  READY
  enhancers_types            replaceK  INFLIGHT(264046)
  enhancers_types            onehot    READY
  enhancers_types            replace4  READY
  enhancers_types            latefuse  READY
  splice_sites_acceptors     replaceK  INFLIGHT(264047)
  splice_sites_acceptors     onehot    READY
  splice_sites_acceptors     replace4  READY
  splice_sites_acceptors     latefuse  READY
[08-07 03:42:34] CLASSIFY totals: DONE=4 INFLIGHT=11 READY=39 WAIT=0  (of 54)
[08-07 03:42:35] submitted promoter_all:replace4 -> node=galaxy jid=264248 (attempt 1)
[08-07 03:42:38] submitted promoter_no_tata:replace4 -> node=voyager jid=264249 (attempt 1)
[08-07 03:42:45] remaining=50 submitted_this_pass=2 | galaxy=5/5 laniakea=7/7 voyager=3/3
