[Mon Aug 10 01:51:30 AM PDT 2026] MULTINODE relaunch: NODES='galaxy laniakea voyager' caps galaxy=4 laniakea=4 voyager=2
[Mon Aug 10 01:51:30 AM PDT 2026] submitted promoter_tata -> galaxy jid 266038 (SSD=/srv/disk00/sshfs/pengchx3)
[Mon Aug 10 01:51:34 AM PDT 2026] submitted promoter_no_tata -> galaxy jid 266039 (SSD=/srv/disk00/sshfs/pengchx3)
[Mon Aug 10 01:51:38 AM PDT 2026] submitted promoter_all -> galaxy jid 266040 (SSD=/srv/disk00/sshfs/pengchx3)
[Mon Aug 10 01:51:42 AM PDT 2026] submitted enhancers -> galaxy jid 266041 (SSD=/srv/disk00/sshfs/pengchx3)
[Mon Aug 10 01:51:46 AM PDT 2026] submitted enhancers_types -> laniakea jid 266044 (SSD=/tmp/galaxy_srv_disk00/pengchx3)
[Mon Aug 10 01:51:50 AM PDT 2026] submitted H3K4me3 -> laniakea jid 266046 (SSD=/tmp/galaxy_srv_disk00/pengchx3)
[Mon Aug 10 01:51:54 AM PDT 2026] submitted H3K4me2 -> laniakea jid 266048 (SSD=/tmp/galaxy_srv_disk00/pengchx3)
[Mon Aug 10 01:51:58 AM PDT 2026] submitted H3K4me1 -> laniakea jid 266049 (SSD=/tmp/galaxy_srv_disk00/pengchx3)
[Mon Aug 10 01:52:03 AM PDT 2026] submitted H3K9ac -> voyager jid 266050 (SSD=/tmp/galaxy_srv_disk00/pengchx3)
[Mon Aug 10 01:52:07 AM PDT 2026] submitted H3K27ac -> voyager jid 266051 (SSD=/tmp/galaxy_srv_disk00/pengchx3)
[Mon Aug 10 01:56:11 AM PDT 2026] submitted H3K9me3 -> galaxy jid 266075 (SSD=/srv/disk00/sshfs/pengchx3)
[Mon Aug 10 01:56:15 AM PDT 2026] submitted H3K27me3 -> galaxy jid 266076 (SSD=/srv/disk00/sshfs/pengchx3)
[Mon Aug 10 01:56:19 AM PDT 2026] submitted H3K36me3 -> galaxy jid 266078 (SSD=/srv/disk00/sshfs/pengchx3)
[Mon Aug 10 01:56:24 AM PDT 2026] submitted H4K20me1 -> galaxy jid 266079 (SSD=/srv/disk00/sshfs/pengchx3)
[Mon Aug 10 01:56:28 AM PDT 2026] submitted H2AFZ -> laniakea jid 266080 (SSD=/tmp/galaxy_srv_disk00/pengchx3)
[Mon Aug 10 01:56:32 AM PDT 2026] submitted splice_sites_donors -> laniakea jid 266081 (SSD=/tmp/galaxy_srv_disk00/pengchx3)
[Mon Aug 10 01:56:36 AM PDT 2026] submitted splice_sites_acceptors -> laniakea jid 266082 (SSD=/tmp/galaxy_srv_disk00/pengchx3)
[Mon Aug 10 01:56:40 AM PDT 2026] submitted splice_sites_all -> laniakea jid 266086 (SSD=/tmp/galaxy_srv_disk00/pengchx3)
[Mon Aug 10 01:56:44 AM PDT 2026] all task submissions issued (multi-node)
