[specs 20:53:07] hp_original_stage1.txt: 574 jobs to submit
[20:53:07] (1/574) -> laniakea job=241962 :: carbon-raw-original --task-names H3K27me3 --distillation-config.weight-ce 0.5 --distillation-config.weight-kl 0.0 --distillation-config.weight-mse 0.0 --distillation-config.temperature 0.5 --trainer-config.early-stop-patience 100 --slurm-config.mode run
[20:53:12] (2/574) -> laniakea job=241963 :: carbon-raw-original --task-names H3K27me3 --distillation-config.weight-ce 0.5 --distillation-config.weight-kl 0.0 --distillation-config.weight-mse 1 --distillation-config.temperature 0.5 --trainer-config.early-stop-patience 100 --slurm-config.mode run
[21:09:20] (3/574) -> galaxy job=241964 :: carbon-raw-original --task-names H3K27me3 --distillation-config.weight-ce 0.5 --distillation-config.weight-kl 0.25 --distillation-config.weight-mse 0.0 --distillation-config.temperature 0.5 --trainer-config.early-stop-patience 100 --slurm-config.mode run
[21:19:27] (4/574) -> galaxy job=241965 :: carbon-raw-original --task-names H3K27me3 --distillation-config.weight-ce 0.5 --distillation-config.weight-kl 0.25 --distillation-config.weight-mse 0.0 --distillation-config.temperature 1.0 --trainer-config.early-stop-patience 100 --slurm-config.mode run
[21:21:32] (5/574) -> galaxy job=241966 :: carbon-raw-original --task-names H3K27me3 --distillation-config.weight-ce 0.5 --distillation-config.weight-kl 0.25 --distillation-config.weight-mse 0.0 --distillation-config.temperature 1.5 --trainer-config.early-stop-patience 100 --slurm-config.mode run
[21:21:37] (6/574) -> galaxy job=241967 :: carbon-raw-original --task-names H3K27me3 --distillation-config.weight-ce 0.5 --distillation-config.weight-kl 0.25 --distillation-config.weight-mse 0.0 --distillation-config.temperature 2.0 --trainer-config.early-stop-patience 100 --slurm-config.mode run
[21:25:43] (7/574) -> galaxy job=241968 :: carbon-raw-original --task-names H3K27me3 --distillation-config.weight-ce 0.5 --distillation-config.weight-kl 0.25 --distillation-config.weight-mse 0.0 --distillation-config.temperature 4.0 --trainer-config.early-stop-patience 100 --slurm-config.mode run
[21:29:49] (8/574) -> galaxy job=241969 :: carbon-raw-original --task-names H3K27me3 --distillation-config.weight-ce 0.5 --distillation-config.weight-kl 0.25 --distillation-config.weight-mse 1 --distillation-config.temperature 0.5 --trainer-config.early-stop-patience 100 --slurm-config.mode run
[21:29:54] (9/574) -> laniakea job=241970 :: carbon-raw-original --task-names H3K27me3 --distillation-config.weight-ce 0.5 --distillation-config.weight-kl 0.25 --distillation-config.weight-mse 1 --distillation-config.temperature 1.0 --trainer-config.early-stop-patience 100 --slurm-config.mode run
[21:56:02] (10/574) -> galaxy job=241974 :: carbon-raw-original --task-names H3K27me3 --distillation-config.weight-ce 0.5 --distillation-config.weight-kl 0.25 --distillation-config.weight-mse 1 --distillation-config.temperature 1.5 --trainer-config.early-stop-patience 100 --slurm-config.mode run
[22:04:08] (11/574) -> galaxy job=241975 :: carbon-raw-original --task-names H3K27me3 --distillation-config.weight-ce 0.5 --distillation-config.weight-kl 0.25 --distillation-config.weight-mse 1 --distillation-config.temperature 2.0 --trainer-config.early-stop-patience 100 --slurm-config.mode run
[22:04:14] (12/574) -> galaxy job=241976 :: carbon-raw-original --task-names H3K27me3 --distillation-config.weight-ce 0.5 --distillation-config.weight-kl 0.25 --distillation-config.weight-mse 1 --distillation-config.temperature 4.0 --trainer-config.early-stop-patience 100 --slurm-config.mode run
[22:04:19] (13/574) -> galaxy job=241977 :: carbon-raw-original --task-names H3K27me3 --distillation-config.weight-ce 0.5 --distillation-config.weight-kl 0.5 --distillation-config.weight-mse 0.0 --distillation-config.temperature 0.5 --trainer-config.early-stop-patience 100 --slurm-config.mode run
[22:04:24] (14/574) -> galaxy job=241978 :: carbon-raw-original --task-names H3K27me3 --distillation-config.weight-ce 0.5 --distillation-config.weight-kl 0.5 --distillation-config.weight-mse 0.0 --distillation-config.temperature 1.0 --trainer-config.early-stop-patience 100 --slurm-config.mode run
[22:04:30] (15/574) -> galaxy job=241979 :: carbon-raw-original --task-names H3K27me3 --distillation-config.weight-ce 0.5 --distillation-config.weight-kl 0.5 --distillation-config.weight-mse 0.0 --distillation-config.temperature 1.5 --trainer-config.early-stop-patience 100 --slurm-config.mode run
[22:14:36] (16/574) -> laniakea job=241981 :: carbon-raw-original --task-names H3K27me3 --distillation-config.weight-ce 0.5 --distillation-config.weight-kl 0.5 --distillation-config.weight-mse 0.0 --distillation-config.temperature 2.0 --trainer-config.early-stop-patience 100 --slurm-config.mode run
[22:34:44] (17/574) -> laniakea job=241986 :: carbon-raw-original --task-names H3K27me3 --distillation-config.weight-ce 0.5 --distillation-config.weight-kl 0.5 --distillation-config.weight-mse 0.0 --distillation-config.temperature 4.0 --trainer-config.early-stop-patience 100 --slurm-config.mode run
[22:46:52] (18/574) -> galaxy job=241988 :: carbon-raw-original --task-names H3K27me3 --distillation-config.weight-ce 0.5 --distillation-config.weight-kl 0.5 --distillation-config.weight-mse 1 --distillation-config.temperature 0.5 --trainer-config.early-stop-patience 100 --slurm-config.mode run
[22:48:58] (19/574) -> galaxy job=241991 :: carbon-raw-original --task-names H3K27me3 --distillation-config.weight-ce 0.5 --distillation-config.weight-kl 0.5 --distillation-config.weight-mse 1 --distillation-config.temperature 1.0 --trainer-config.early-stop-patience 100 --slurm-config.mode run
[22:51:03] (20/574) -> voyager job=241994 :: carbon-raw-original --task-names H3K27me3 --distillation-config.weight-ce 0.5 --distillation-config.weight-kl 0.5 --distillation-config.weight-mse 1 --distillation-config.temperature 1.5 --trainer-config.early-stop-patience 100 --slurm-config.mode run
[22:51:09] (21/574) -> galaxy job=241995 :: carbon-raw-original --task-names H3K27me3 --distillation-config.weight-ce 0.5 --distillation-config.weight-kl 0.5 --distillation-config.weight-mse 1 --distillation-config.temperature 2.0 --trainer-config.early-stop-patience 100 --slurm-config.mode run
[22:51:14] (22/574) -> galaxy job=241996 :: carbon-raw-original --task-names H3K27me3 --distillation-config.weight-ce 0.5 --distillation-config.weight-kl 0.5 --distillation-config.weight-mse 1 --distillation-config.temperature 4.0 --trainer-config.early-stop-patience 100 --slurm-config.mode run
[22:51:19] (23/574) -> galaxy job=241997 :: carbon-raw-original --task-names H3K27me3 --distillation-config.weight-ce 0.5 --distillation-config.weight-kl 1.0 --distillation-config.weight-mse 0.0 --distillation-config.temperature 0.5 --trainer-config.early-stop-patience 100 --slurm-config.mode run
[22:59:26] (24/574) -> laniakea job=241998 :: carbon-raw-original --task-names H3K27me3 --distillation-config.weight-ce 0.5 --distillation-config.weight-kl 1.0 --distillation-config.weight-mse 0.0 --distillation-config.temperature 1.0 --trainer-config.early-stop-patience 100 --slurm-config.mode run
